ARM Linker, 5.03 [Build 24] [MDK-ARM Professional]

==============================================================================

Section Cross References

    main.o(i.AD_Calibration_Function) refers to 24cxx.o(i.AT24CXX_Read) for AT24CXX_Read
    main.o(i.AD_Calibration_Function) refers to ffltui.o(.text) for __aeabi_ui2f
    main.o(i.AD_Calibration_Function) refers to fdiv.o(.text) for __aeabi_fdiv
    main.o(i.AD_Calibration_Function) refers to fadd.o(.text) for __aeabi_fadd
    main.o(i.AD_Calibration_Function) refers to main.o(i.AD_Calibration_menu) for AD_Calibration_menu
    main.o(i.AD_Calibration_Function) refers to touch.o(i.KeyScan) for KeyScan
    main.o(i.AD_Calibration_Function) refers to main.o(i.speekers) for speekers
    main.o(i.AD_Calibration_Function) refers to ra8870.o(i.Text_Foreground_Color) for Text_Foreground_Color
    main.o(i.AD_Calibration_Function) refers to fflti.o(.text) for __aeabi_i2f
    main.o(i.AD_Calibration_Function) refers to fmul.o(.text) for __aeabi_fmul
    main.o(i.AD_Calibration_Function) refers to ffixui.o(.text) for __aeabi_f2uiz
    main.o(i.AD_Calibration_Function) refers to printfa.o(i.__0sprintf) for __2sprintf
    main.o(i.AD_Calibration_Function) refers to ra8870.o(i.XY_Coordinate) for XY_Coordinate
    main.o(i.AD_Calibration_Function) refers to ra8870.o(i.Show_StringNum) for Show_StringNum
    main.o(i.AD_Calibration_Function) refers to ra8870.o(i.Show_String) for Show_String
    main.o(i.AD_Calibration_Function) refers to cfrcmple.o(.text) for __aeabi_cfrcmple
    main.o(i.AD_Calibration_Function) refers to main.o(.data) for pressAD_kint
    main.o(i.AD_Calibration_Function) refers to stm32f10x_it.o(.data) for press_k
    main.o(i.AD_Calibration_Function) refers to touch.o(.data) for touch_flag
    main.o(i.AD_Calibration_Function) refers to 24cxx.o(i.AT24CXX_Write) for AT24CXX_Write
    main.o(i.AD_Calibration_Function) refers to ra8870.o(i.Graphic_Mode) for Graphic_Mode
    main.o(i.AD_Calibration_Function) refers to main.o(i.biaoding_menu) for biaoding_menu
    main.o(i.AD_Calibration_Function) refers to setup.o(i.Get_Adc_Average) for Get_Adc_Average
    main.o(i.AD_Calibration_menu) refers to ra8870.o(i.Clear_Full_Window) for Clear_Full_Window
    main.o(i.AD_Calibration_menu) refers to ra8870.o(i.Memory_Clear_with_Font_BgColor) for Memory_Clear_with_Font_BgColor
    main.o(i.AD_Calibration_menu) refers to ra8870.o(i.Text_Background_Color) for Text_Background_Color
    main.o(i.AD_Calibration_menu) refers to ra8870.o(i.Memory_Clear) for Memory_Clear
    main.o(i.AD_Calibration_menu) refers to ra8870.o(i.Delay1ms) for Delay1ms
    main.o(i.AD_Calibration_menu) refers to ra8870.o(i.Graphic_Mode) for Graphic_Mode
    main.o(i.AD_Calibration_menu) refers to ra8870.o(i.LcdFillRec) for LcdFillRec
    main.o(i.AD_Calibration_menu) refers to ra8870.o(i.LcdPrint8bitBmp) for LcdPrint8bitBmp
    main.o(i.AD_Calibration_menu) refers to ra8870.o(i.Put_AnJian) for Put_AnJian
    main.o(i.AD_Calibration_menu) refers to ra8870.o(i.DisplayButtonUp) for DisplayButtonUp
    main.o(i.AD_Calibration_menu) refers to ra8870.o(i.Text_Mode) for Text_Mode
    main.o(i.AD_Calibration_menu) refers to ra8870.o(i.Text_Foreground_Color) for Text_Foreground_Color
    main.o(i.AD_Calibration_menu) refers to ra8870.o(i.External_CGROM) for External_CGROM
    main.o(i.AD_Calibration_menu) refers to ra8870.o(i.External_CGROM_GB) for External_CGROM_GB
    main.o(i.AD_Calibration_menu) refers to ra8870.o(i.Active_Window) for Active_Window
    main.o(i.AD_Calibration_menu) refers to ra8870.o(i.XY_Coordinate) for XY_Coordinate
    main.o(i.AD_Calibration_menu) refers to ra8870.o(i.Horizontal_FontEnlarge_x2) for Horizontal_FontEnlarge_x2
    main.o(i.AD_Calibration_menu) refers to ra8870.o(i.Vertical_FontEnlarge_x2) for Vertical_FontEnlarge_x2
    main.o(i.AD_Calibration_menu) refers to ra8870.o(i.Font_with_BackgroundTransparency) for Font_with_BackgroundTransparency
    main.o(i.AD_Calibration_menu) refers to ra8870.o(i.Show_String) for Show_String
    main.o(i.AD_Calibration_menu) refers to ra8870.o(i.Font_with_BackgroundColor) for Font_with_BackgroundColor
    main.o(i.AD_Calibration_menu) refers to ra8870.o(i.Horizontal_FontEnlarge_x1) for Horizontal_FontEnlarge_x1
    main.o(i.AD_Calibration_menu) refers to ra8870.o(i.Vertical_FontEnlarge_x1) for Vertical_FontEnlarge_x1
    main.o(i.AD_Calibration_menu) refers to ra8870.o(i.Bold_Font) for Bold_Font
    main.o(i.AD_Calibration_menu) refers to printfa.o(i.__0sprintf) for __2sprintf
    main.o(i.AD_Calibration_menu) refers to ra8870.o(i.Show_StringNum) for Show_StringNum
    main.o(i.AD_Calibration_menu) refers to f2d.o(.text) for __aeabi_f2d
    main.o(i.AD_Calibration_menu) refers to fflti.o(.text) for __aeabi_i2f
    main.o(i.AD_Calibration_menu) refers to fmul.o(.text) for __aeabi_fmul
    main.o(i.AD_Calibration_menu) refers to cfrcmple.o(.text) for __aeabi_cfrcmple
[...]
    i.RTC_Set                                0x08003ef8   Section        0  rtc.o(i.RTC_Set)
    i.RTC_SetPrescaler                       0x08004008   Section        0  stm32f10x_rtc.o(i.RTC_SetPrescaler)
    i.RTC_WaitForLastTask                    0x08004028   Section        0  stm32f10x_rtc.o(i.RTC_WaitForLastTask)
    i.RTC_WaitForSynchro                     0x0800403c   Section        0  stm32f10x_rtc.o(i.RTC_WaitForSynchro)
    i.SPI1_Init                              0x0800405c   Section        0  spi.o(i.SPI1_Init)
    i.SPI1_ReadWriteByte                     0x08004124   Section        0  spi.o(i.SPI1_ReadWriteByte)
    i.SPI2_Init                              0x0800416c   Section        0  spi.o(i.SPI2_Init)
    i.SPI2_ReadWriteByte                     0x080041f0   Section        0  spi.o(i.SPI2_ReadWriteByte)
    i.SPI2_SetSpeed                          0x08004244   Section        0  spi.o(i.SPI2_SetSpeed)
    i.SPI_AD8341_Init                        0x0800426c   Section        0  ads8341.o(i.SPI_AD8341_Init)
    i.SPI_Cmd                                0x080042a0   Section        0  stm32f10x_spi.o(i.SPI_Cmd)
    i.SPI_FLASH_Write_Enable                 0x080042b8   Section        0  flash.o(i.SPI_FLASH_Write_Enable)
    i.SPI_Flash_Erase_Sector                 0x080042dc   Section        0  flash.o(i.SPI_Flash_Erase_Sector)
    i.SPI_Flash_Init                         0x08004324   Section        0  flash.o(i.SPI_Flash_Init)
    i.SPI_Flash_Read                         0x0800435c   Section        0  flash.o(i.SPI_Flash_Read)
    i.SPI_Flash_ReadSR                       0x080043b0   Section        0  flash.o(i.SPI_Flash_ReadSR)
    i.SPI_Flash_Wait_Busy                    0x080043e0   Section        0  flash.o(i.SPI_Flash_Wait_Busy)
    i.SPI_Flash_Write                        0x080043f0   Section        0  flash.o(i.SPI_Flash_Write)
    i.SPI_Flash_Write_NoCheck                0x080044a4   Section        0  flash.o(i.SPI_Flash_Write_NoCheck)
    i.SPI_Flash_Write_Page                   0x080044ec   Section        0  flash.o(i.SPI_Flash_Write_Page)
    i.SPI_I2S_GetFlagStatus                  0x08004544   Section        0  stm32f10x_spi.o(i.SPI_I2S_GetFlagStatus)
    i.SPI_I2S_ReceiveData                    0x08004556   Section        0  stm32f10x_spi.o(i.SPI_I2S_ReceiveData)
    i.SPI_I2S_SendData                       0x0800455c   Section        0  stm32f10x_spi.o(i.SPI_I2S_SendData)
    i.SPI_Init                               0x08004560   Section        0  stm32f10x_spi.o(i.SPI_Init)
    i.SVC_Handler                            0x0800459c   Section        0  stm32f10x_it.o(i.SVC_Handler)
    i.ScanKeyBoard                           0x080045a0   Section        0  main.o(i.ScanKeyBoard)
    i.SetSysClock                            0x080048bc   Section        0  system_stm32f10x.o(i.SetSysClock)
    SetSysClock                              0x080048bd   Thumb Code     8  system_stm32f10x.o(i.SetSysClock)
    i.SetSysClockTo72                        0x080048c4   Section        0  system_stm32f10x.o(i.SetSysClockTo72)
    SetSysClockTo72                          0x080048c5   Thumb Code   212  system_stm32f10x.o(i.SetSysClockTo72)
    i.Set_4wire_TP                           0x080049a0   Section        0  ra8870.o(i.Set_4wire_TP)
    i.Show_Cursor                            0x080049c4   Section        0  ra8870.o(i.Show_Cursor)
    i.Show_String                            0x080049e0   Section        0  ra8870.o(i.Show_String)
    i.Show_StringNum                         0x08004a10   Section        0  ra8870.o(i.Show_StringNum)
    i.SysTick_Handler                        0x08004a48   Section        0  stm32f10x_it.o(i.SysTick_Handler)
    i.SystemInit                             0x08004a4c   Section        0  system_stm32f10x.o(i.SystemInit)
    i.TIM4_IRQHandler                        0x08004aac   Section        0  stm32f10x_it.o(i.TIM4_IRQHandler)
    i.TIM4_Int_Init                          0x08004b00   Section        0  setup.o(i.TIM4_Int_Init)
    i.TIM_ClearITPendingBit                  0x08004b64   Section        0  stm32f10x_tim.o(i.TIM_ClearITPendingBit)
    i.TIM_Cmd                                0x08004b6a   Section        0  stm32f10x_tim.o(i.TIM_Cmd)
    i.TIM_GetITStatus                        0x08004b82   Section        0  stm32f10x_tim.o(i.TIM_GetITStatus)
    i.TIM_ITConfig                           0x08004ba4   Section        0  stm32f10x_tim.o(i.TIM_ITConfig)
    i.TIM_TimeBaseInit                       0x08004bb8   Section        0  stm32f10x_tim.o(i.TIM_TimeBaseInit)
    i.TP_Get_Adjdata                         0x08004c5c   Section        0  touch.o(i.TP_Get_Adjdata)
    i.TP_Save_Adjdata                        0x08004cdc   Section        0  touch.o(i.TP_Save_Adjdata)
    i.TP_Scan                                0x08004d54   Section        0  touch.o(i.TP_Scan)
    i.TP_auto_mode                           0x08004da8   Section        0  ra8870.o(i.TP_auto_mode)
    i.Text_Background_Color                  0x08004dcc   Section        0  ra8870.o(i.Text_Background_Color)
    i.Text_Foreground_Color                  0x08004de0   Section        0  ra8870.o(i.Text_Foreground_Color)
    i.Text_Mode                              0x08004df4   Section        0  ra8870.o(i.Text_Mode)
    i.Touch_Status                           0x08004e18   Section        0  ra8870.o(i.Touch_Status)
    i.UsageFault_Handler                     0x08004e3c   Section        0  stm32f10x_it.o(i.UsageFault_Handler)
    i.Vertical_FontEnlarge_x1                0x08004e40   Section        0  ra8870.o(i.Vertical_FontEnlarge_x1)
    i.Vertical_FontEnlarge_x2                0x08004e64   Section        0  ra8870.o(i.Vertical_FontEnlarge_x2)
    i.XY_Calibration_Function                0x08004e8c   Section        0  touch.o(i.XY_Calibration_Function)
    i.XY_Coordinate                          0x08005474   Section        0  ra8870.o(i.XY_Coordinate)
    i.__0sprintf                             0x080054b0   Section        0  printfa.o(i.__0sprintf)
    i.__scatterload_copy                     0x080054d8   Section       14  handlers.o(i.__scatterload_copy)
    i.__scatterload_null                     0x080054e6   Section        2  handlers.o(i.__scatterload_null)
    i.__scatterload_zeroinit                 0x080054e8   Section       14  handlers.o(i.__scatterload_zeroinit)
    i.__set_errno                            0x080054f8   Section        0  errno.o(i.__set_errno)
    i._fp_digits                             0x08005504   Section        0  printfa.o(i._fp_digits)
    _fp_digits                               0x08005505   Thumb Code   326  printfa.o(i._fp_digits)
    i._printf_core                           0x08005660   Section        0  printfa.o(i._printf_core)
    _printf_core                             0x08005661   Thumb Code  1762  printfa.o(i._printf_core)
    i._printf_post_padding                   0x08005d50   Section        0  printfa.o(i._printf_post_padding)
    _printf_post_padding                     0x08005d51   Thumb Code    38  printfa.o(i._printf_post_padding)
    i._printf_pre_padding                    0x08005d76   Section        0  printfa.o(i._printf_pre_padding)
    _printf_pre_padding                      0x08005d77   Thumb Code    48  printfa.o(i._printf_pre_padding)
    i._sputc                                 0x08005da6   Section        0  printfa.o(i._sputc)
    _sputc                                   0x08005da7   Thumb Code    10  printfa.o(i._sputc)
    i.biaoding_menu                          0x08005db0   Section        0  main.o(i.biaoding_menu)
    i.bubble_sort                            0x08006108   Section        0  main.o(i.bubble_sort)
    i.check_data                             0x08006158   Section        0  main.o(i.check_data)
    i.check_datamenu                         0x080063d0   Section        0  main.o(i.check_datamenu)
    i.clear_TP_interrupt                     0x080064c8   Section        0  ra8870.o(i.clear_TP_interrupt)
    i.data_Query                             0x080064e8   Section        0  main.o(i.data_Query)
    i.delay1ms                               0x08006f60   Section        0  24cxx.o(i.delay1ms)
    i.delay_ms                               0x08006f7e   Section        0  rtc.o(i.delay_ms)
    i.delay_mus                              0x08006f9c   Section        0  setup.o(i.delay_mus)
    i.delay_us                               0x08006fb4   Section        0  myiic.o(i.delay_us)
    i.delayms                                0x08006fc4   Section        0  printer.o(i.delayms)
    i.display_holdsize                       0x08006fe0   Section        0  main.o(i.display_holdsize)
    i.display_holeinnum                      0x0800705c   Section        0  main.o(i.display_holeinnum)
    i.display_holesize                       0x080072dc   Section        0  main.o(i.display_holesize)
    i.display_number                         0x08007444   Section        0  main.o(i.display_number)
    i.display_pa                             0x080074c0   Section        0  main.o(i.display_pa)
    i.display_pre                            0x08007578   Section        0  main.o(i.display_pre)
    i.display_press                          0x080075bc   Section        0  main.o(i.display_press)
    i.display_riqi                           0x08007654   Section        0  main.o(i.display_riqi)
    i.display_testdata                       0x080076fc   Section        0  main.o(i.display_testdata)
    i.display_time                           0x08007a40   Section        0  ra8870.o(i.display_time)
    i.display_zunum                          0x08007adc   Section        0  main.o(i.display_zunum)
    i.drawpoint                              0x08007b3c   Section        0  touch.o(i.drawpoint)
    i.enable_TP_interrupt                    0x08007b8c   Section        0  ra8870.o(i.enable_TP_interrupt)
    i.flash_full                             0x08007bac   Section        0  main.o(i.flash_full)
    i.key_function                           0x08007c40   Section        0  main.o(i.key_function)
    i.main                                   0x080081dc   Section        0  main.o(i.main)
    i.menu1                                  0x080083d0   Section        0  main.o(i.menu1)
    i.menu_data                              0x080085e4   Section        0  main.o(i.menu_data)
    i.menu_dataQuery                         0x08008988   Section        0  main.o(i.menu_dataQuery)
    i.menu_flashmax                          0x08008b18   Section        0  main.o(i.menu_flashmax)
    i.menu_menu                              0x08008c50   Section        0  main.o(i.menu_menu)
    i.menu_password                          0x08008ea8   Section        0  main.o(i.menu_password)
    i.menu_print                             0x08009228   Section        0  main.o(i.menu_print)
    i.menu_printselect                       0x08009328   Section        0  main.o(i.menu_printselect)
    i.menu_printselect1                      0x080094d4   Section        0  main.o(i.menu_printselect1)
    i.menu_select                            0x080096a0   Section        0  main.o(i.menu_select)
    i.menu_time                              0x08009890   Section        0  main.o(i.menu_time)
    i.off_gas                                0x08009c30   Section        0  main.o(i.off_gas)
    i.open_gas                               0x08009c78   Section        0  main.o(i.open_gas)
    i.paixu                                  0x08009d24   Section        0  main.o(i.paixu)
    i.plese_opengas                          0x08009d84   Section        0  main.o(i.plese_opengas)
    i.pprint                                 0x08009e1c   Section        0  printer.o(i.pprint)
    i.save_data                              0x08009ea4   Section        0  main.o(i.save_data)
    i.set_printnum                           0x0800a4b0   Section        0  main.o(i.set_printnum)
    i.show_excel                             0x0800a7c4   Section        0  main.o(i.show_excel)
    i.speekers                               0x0800a9f0   Section        0  main.o(i.speekers)
    i.sqrt                                   0x0800aa14   Section        0  sqrt.o(i.sqrt)
    i.starttest                              0x0800aa64   Section        0  setup.o(i.starttest)
    i.stoptest                               0x0800aa74   Section        0  setup.o(i.stoptest)
    i.test_failule                           0x0800aa84   Section        0  main.o(i.test_failule)
    .constdata                               0x0800ab1c   Section     7585  picture.o(.constdata)
    .constdata                               0x0800c8bd   Section       24  rtc.o(.constdata)
    .data                                    0x20000000   Section       41  main.o(.data)
    test_cishu                               0x20000000   Data           1  main.o(.data)
    test_zunum                               0x20000001   Data           1  main.o(.data)
    slect_print                              0x20000016   Data           1  main.o(.data)
    printf_flag                              0x20000017   Data           1  main.o(.data)
    j                                        0x20000018   Data           1  main.o(.data)
    k                                        0x20000019   Data           1  main.o(.data)
    flag                                     0x2000001a   Data           1  main.o(.data)
    flag_return                              0x2000001b   Data           1  main.o(.data)
    key_value                                0x2000001c   Data           1  main.o(.data)
    open_off_flag                            0x2000001d   Data           1  main.o(.data)
    password_flag                            0x20000028   Data           1  main.o(.data)
    .data                                    0x2000002c   Section       12  stm32f10x_it.o(.data)
    .data                                    0x20000038   Section        8  ra8870.o(.data)
    .data                                    0x20000040   Section       39  touch.o(.data)
    .data                                    0x20000068   Section        2  rtc.o(.data)
    daycnt                                   0x20000068   Data           2  rtc.o(.data)
    .data                                    0x2000006a   Section        1  printer.o(.data)
    .data                                    0x2000006c   Section        4  errno.o(.data)
    _errno                                   0x2000006c   Data           4  errno.o(.data)
    .bss                                     0x20000070   Section      580  main.o(.bss)
    .bss                                     0x200002b4   Section       10  ra8870.o(.bss)
    .bss                                     0x200002be   Section     4096  flash.o(.bss)
    .bss                                     0x200012be   Section       10  rtc.o(.bss)
    STACK                                    0x200012c8   Section    12288  startup_stm32f10x_hd.o(STACK)
    .ARM.__AT_0x68000000                     0x68000000   Section    983040  malloc.o(.ARM.__AT_0x68000000)
    .ARM.__AT_0x680F0000                     0x680f0000   Section    61440  malloc.o(.ARM.__AT_0x680F0000)

    Global Symbols

    Symbol Name                              Value     Ov Type        Size  Object(Section)

    BuildAttributes$$THM_ISAv4$P$D$K$B$S$PE$A:L22UL41UL21$X:L11$S22US41US21$IEEE1$IW$USESV6$~STKCKD$USESV7$~SHL$OTIME$ROPI$IEEEJ$EBA8$MICROLIB$REQ8$PRES8$EABIv2 0x00000000   Number         0  anon$$obj.o ABSOLUTE
    __ARM_use_no_argv                        0x00000000   Number         0  main.o ABSOLUTE
    _printf_a                                0x00000000   Number         0  stubs.o ABSOLUTE
    _printf_c                                0x00000000   Number         0  stubs.o ABSOLUTE
    _printf_charcount                        0x00000000   Number         0  stubs.o ABSOLUTE
    _printf_d                                0x00000000   Number         0  stubs.o ABSOLUTE
    _printf_e                                0x00000000   Number         0  stubs.o ABSOLUTE
    _printf_f                                0x00000000   Number         0  stubs.o ABSOLUTE
    _printf_flags                            0x00000000   Number         0  stubs.o ABSOLUTE
    _printf_fp_dec                           0x00000000   Number         0  stubs.o ABSOLUTE
    _printf_fp_hex                           0x00000000   Number         0  stubs.o ABSOLUTE
    _printf_g                                0x00000000   Number         0  stubs.o ABSOLUTE
    _printf_i                                0x00000000   Number         0  stubs.o ABSOLUTE
    _printf_int_dec                          0x00000000   Number         0  stubs.o ABSOLUTE
    _printf_l                                0x00000000   Number         0  stubs.o ABSOLUTE
    _printf_lc                               0x00000000   Number         0  stubs.o ABSOLUTE
    _printf_ll                               0x00000000   Number         0  stubs.o ABSOLUTE
    _printf_lld                              0x00000000   Number         0  stubs.o ABSOLUTE
    _printf_lli                              0x00000000   Number         0  stubs.o ABSOLUTE
    _printf_llo                              0x00000000   Number         0  stubs.o ABSOLUTE
    _printf_llu                              0x00000000   Number         0  stubs.o ABSOLUTE
    _printf_llx                              0x00000000   Number         0  stubs.o ABSOLUTE
    _printf_longlong_dec                     0x00000000   Number         0  stubs.o ABSOLUTE
    _printf_longlong_hex                     0x00000000   Number         0  stubs.o ABSOLUTE
    _printf_longlong_oct                     0x00000000   Number         0  stubs.o ABSOLUTE
    _printf_ls                               0x00000000   Number         0  stubs.o ABSOLUTE
    _printf_mbtowc                           0x00000000   Number         0  stubs.o ABSOLUTE
    _printf_n                                0x00000000   Number         0  stubs.o ABSOLUTE
    _printf_o                                0x00000000   Number         0  stubs.o ABSOLUTE
    _printf_p                                0x00000000   Number         0  stubs.o ABSOLUTE
    _printf_percent                          0x00000000   Number         0  stubs.o ABSOLUTE
    _printf_pre_padding                      0x00000000   Number         0  stubs.o ABSOLUTE
    _printf_return_value                     0x00000000   Number         0  stubs.o ABSOLUTE
    _printf_s                                0x00000000   Number         0  stubs.o ABSOLUTE
    _printf_sizespec                         0x00000000   Number         0  stubs.o ABSOLUTE
    _printf_str                              0x00000000   Number         0  stubs.o ABSOLUTE
    _printf_truncate_signed                  0x00000000   Number         0  stubs.o ABSOLUTE
    _printf_truncate_unsigned                0x00000000   Number         0  stubs.o ABSOLUTE
    _printf_u                                0x00000000   Number         0  stubs.o ABSOLUTE
    _printf_wc                               0x00000000   Number         0  stubs.o ABSOLUTE
    _printf_wctomb                           0x00000000   Number         0  stubs.o ABSOLUTE
    _printf_widthprec                        0x00000000   Number         0  stubs.o ABSOLUTE
    _printf_x                                0x00000000   Number         0  stubs.o ABSOLUTE
    __cpp_initialize__aeabi_                  - Undefined Weak Reference
    __cxa_finalize                            - Undefined Weak Reference
    __decompress                              - Undefined Weak Reference
    _clock_init                               - Undefined Weak Reference
    _microlib_exit                            - Undefined Weak Reference
    __Vectors_Size                           0x00000130   Number         0  startup_stm32f10x_hd.o ABSOLUTE
    __Vectors                                0x08000000   Data           4  startup_stm32f10x_hd.o(RESET)
    __Vectors_End                            0x08000130   Data           0  startup_stm32f10x_hd.o(RESET)
    __main                                   0x08000131   Thumb Code     0  entry.o(.ARM.Collect$$$$00000000)
    _main_stk                                0x08000131   Thumb Code     0  entry2.o(.ARM.Collect$$$$00000001)
    _main_scatterload                        0x08000135   Thumb Code     0  entry5.o(.ARM.Collect$$$$00000004)
    __main_after_scatterload                 0x08000139   Thumb Code     0  entry5.o(.ARM.Collect$$$$00000004)
    _main_clock                              0x08000139   Thumb Code     0  entry7b.o(.ARM.Collect$$$$00000008)
    _main_cpp_init                           0x08000139   Thumb Code     0  entry8b.o(.ARM.Collect$$$$0000000A)
    _main_init                               0x08000139   Thumb Code     0  entry9a.o(.ARM.Collect$$$$0000000B)
    __rt_final_cpp                           0x08000141   Thumb Code     0  entry10a.o(.ARM.Collect$$$$0000000D)
    __rt_final_exit                          0x08000141   Thumb Code     0  entry11a.o(.ARM.Collect$$$$0000000F)
    Reset_Handler                            0x08000145   Thumb Code     8  startup_stm32f10x_hd.o(.text)
    ADC1_2_IRQHandler                        0x0800015f   Thumb Code     0  startup_stm32f10x_hd.o(.text)
    ADC3_IRQHandler                          0x0800015f   Thumb Code     0  startup_stm32f10x_hd.o(.text)
    CAN1_RX1_IRQHandler                      0x0800015f   Thumb Code     0  startup_stm32f10x_hd.o(.text)
    CAN1_SCE_IRQHandler                      0x0800015f   Thumb Code     0  startup_stm32f10x_hd.o(.text)
    DMA1_Channel1_IRQHandler                 0x0800015f   Thumb Code     0  startup_stm32f10x_hd.o(.text)
    DMA1_Channel2_IRQHandler                 0x0800015f   Thumb Code     0  startup_stm32f10x_hd.o(.text)
    DMA1_Channel3_IRQHandler                 0x0800015f   Thumb Code     0  startup_stm32f10x_hd.o(.text)
    DMA1_Channel4_IRQHandler                 0x0800015f   Thumb Code     0  startup_stm32f10x_hd.o(.text)
    DMA1_Channel5_IRQHandler                 0x0800015f   Thumb Code     0  startup_stm32f10x_hd.o(.text)
    DMA1_Channel6_IRQHandler                 0x0800015f   Thumb Code     0  startup_stm32f10x_hd.o(.text)
    DMA1_Channel7_IRQHandler                 0x0800015f   Thumb Code     0  startup_stm32f10x_hd.o(.text)
    DMA2_Channel1_IRQHandler                 0x0800015f   Thumb Code     0  startup_stm32f10x_hd.o(.text)
    DMA2_Channel2_IRQHandler                 0x0800015f   Thumb Code     0  startup_stm32f10x_hd.o(.text)
    DMA2_Channel3_IRQHandler                 0x0800015f   Thumb Code     0  startup_stm32f10x_hd.o(.text)
    DMA2_Channel4_5_IRQHandler               0x0800015f   Thumb Code     0  startup_stm32f10x_hd.o(.text)
    EXTI0_IRQHandler                         0x0800015f   Thumb Code     0  startup_stm32f10x_hd.o(.text)
    EXTI15_10_IRQHandler                     0x0800015f   Thumb Code     0  startup_stm32f10x_hd.o(.text)
    EXTI1_IRQHandler                         0x0800015f   Thumb Code     0  startup_stm32f10x_hd.o(.text)
    EXTI2_IRQHandler                         0x0800015f   Thumb Code     0  startup_stm32f10x_hd.o(.text)
    EXTI3_IRQHandler                         0x0800015f   Thumb Code     0  startup_stm32f10x_hd.o(.text)
    EXTI4_IRQHandler                         0x0800015f   Thumb Code     0  startup_stm32f10x_hd.o(.text)
    EXTI9_5_IRQHandler                       0x0800015f   Thumb Code     0  startup_stm32f10x_hd.o(.text)
    FLASH_IRQHandler                         0x0800015f   Thumb Code     0  startup_stm32f10x_hd.o(.text)
    FSMC_IRQHandler                          0x0800015f   Thumb Code     0  startup_stm32f10x_hd.o(.text)
    I2C1_ER_IRQHandler                       0x0800015f   Thumb Code     0  startup_stm32f10x_hd.o(.text)
    I2C1_EV_IRQHandler                       0x0800015f   Thumb Code     0  startup_stm32f10x_hd.o(.text)
    I2C2_ER_IRQHandler                       0x0800015f   Thumb Code     0  startup_stm32f10x_hd.o(.text)
    I2C2_EV_IRQHandler                       0x0800015f   Thumb Code     0  startup_stm32f10x_hd.o(.text)
    PVD_IRQHandler                           0x0800015f   Thumb Code     0  startup_stm32f10x_hd.o(.text)
    RCC_IRQHandler                           0x0800015f   Thumb Code     0  startup_stm32f10x_hd.o(.text)
    RTCAlarm_IRQHandler                      0x0800015f   Thumb Code     0  startup_stm32f10x_hd.o(.text)
    SDIO_IRQHandler                          0x0800015f   Thumb Code     0  startup_stm32f10x_hd.o(.text)
    SPI1_IRQHandler                          0x0800015f   Thumb Code     0  startup_stm32f10x_hd.o(.text)
    SPI2_IRQHandler                          0x0800015f   Thumb Code     0  startup_stm32f10x_hd.o(.text)
    SPI3_IRQHandler                          0x0800015f   Thumb Code     0  startup_stm32f10x_hd.o(.text)
    TAMPER_IRQHandler                        0x0800015f   Thumb Code     0  startup_stm32f10x_hd.o(.text)
    TIM1_BRK_IRQHandler                      0x0800015f   Thumb Code     0  startup_stm32f10x_hd.o(.text)
    TIM1_CC_IRQHandler                       0x0800015f   Thumb Code     0  startup_stm32f10x_hd.o(.text)
    TIM1_TRG_COM_IRQHandler                  0x0800015f   Thumb Code     0  startup_stm32f10x_hd.o(.text)
    TIM1_UP_IRQHandler                       0x0800015f   Thumb Code     0  startup_stm32f10x_hd.o(.text)
    TIM2_IRQHandler                          0x0800015f   Thumb Code     0  startup_stm32f10x_hd.o(.text)
    TIM3_IRQHandler                          0x0800015f   Thumb Code     0  startup_stm32f10x_hd.o(.text)
    TIM5_IRQHandler                          0x0800015f   Thumb Code     0  startup_stm32f10x_hd.o(.text)
    TIM6_IRQHandler                          0x0800015f   Thumb Code     0  startup_stm32f10x_hd.o(.text)
    TIM7_IRQHandler                          0x0800015f   Thumb Code     0  startup_stm32f10x_hd.o(.text)
    TIM8_BRK_IRQHandler                      0x0800015f   Thumb Code     0  startup_stm32f10x_hd.o(.text)
    TIM8_CC_IRQHandler                       0x0800015f   Thumb Code     0  startup_stm32f10x_hd.o(.text)
    TIM8_TRG_COM_IRQHandler                  0x0800015f   Thumb Code     0  startup_stm32f10x_hd.o(.text)
    TIM8_UP_IRQHandler                       0x0800015f   Thumb Code     0  startup_stm32f10x_hd.o(.text)
    UART4_IRQHandler                         0x0800015f   Thumb Code     0  startup_stm32f10x_hd.o(.text)
    UART5_IRQHandler                         0x0800015f   Thumb Code     0  startup_stm32f10x_hd.o(.text)
    USART1_IRQHandler                        0x0800015f   Thumb Code     0  startup_stm32f10x_hd.o(.text)
    USART2_IRQHandler                        0x0800015f   Thumb Code     0  startup_stm32f10x_hd.o(.text)
    USART3_IRQHandler                        0x0800015f   Thumb Code     0  startup_stm32f10x_hd.o(.text)
    USBWakeUp_IRQHandler                     0x0800015f   Thumb Code     0  startup_stm32f10x_hd.o(.text)
    USB_HP_CAN1_TX_IRQHandler                0x0800015f   Thumb Code     0  startup_stm32f10x_hd.o(.text)
    USB_LP_CAN1_RX0_IRQHandler               0x0800015f   Thumb Code     0  startup_stm32f10x_hd.o(.text)
    WWDG_IRQHandler                          0x0800015f   Thumb Code     0  startup_stm32f10x_hd.o(.text)
    __aeabi_memset                           0x08000169   Thumb Code    14  memseta.o(.text)
    __aeabi_memset4                          0x08000169   Thumb Code     0  memseta.o(.text)
    __aeabi_memset8                          0x08000169   Thumb Code     0  memseta.o(.text)
    __aeabi_memclr                           0x08000177   Thumb Code     4  memseta.o(.text)
    __aeabi_memclr4                          0x08000177   Thumb Code     0  memseta.o(.text)
    __aeabi_memclr8                          0x08000177   Thumb Code     0  memseta.o(.text)
    _memset$wrapper                          0x0800017b   Thumb Code    18  memseta.o(.text)
    __aeabi_fadd                             0x0800018d   Thumb Code   164  fadd.o(.text)
    __aeabi_fsub                             0x08000231   Thumb Code     6  fadd.o(.text)
    __aeabi_frsub                            0x08000237   Thumb Code     6  fadd.o(.text)
    __aeabi_fmul                             0x0800023d   Thumb Code   108  fmul.o(.text)
    __aeabi_fdiv                             0x080002a9   Thumb Code   128  fdiv.o(.text)
    __aeabi_ddiv                             0x08000329   Thumb Code   222  ddiv.o(.text)
    __aeabi_i2f                              0x08000407   Thumb Code    18  fflti.o(.text)
    __aeabi_ui2f                             0x08000419   Thumb Code    10  ffltui.o(.text)
    __aeabi_ui2d                             0x08000423   Thumb Code    26  dfltui.o(.text)
    __aeabi_f2iz                             0x0800043d   Thumb Code    50  ffixi.o(.text)
    __aeabi_f2uiz                            0x0800046f   Thumb Code    40  ffixui.o(.text)
    __aeabi_d2uiz                            0x08000497   Thumb Code    50  dfixui.o(.text)
    __aeabi_f2d                              0x080004c9   Thumb Code    38  f2d.o(.text)
    __aeabi_cdcmpeq                          0x080004f1   Thumb Code     0  cdcmple.o(.text)
    __aeabi_cdcmple                          0x080004f1   Thumb Code    38  cdcmple.o(.text)
    __aeabi_cdrcmple                         0x08000519   Thumb Code    38  cdrcmple.o(.text)
    __aeabi_d2f                              0x08000541   Thumb Code    56  d2f.o(.text)
    __aeabi_cfcmpeq                          0x08000579   Thumb Code     0  cfcmple.o(.text)
    __aeabi_cfcmple                          0x08000579   Thumb Code    20  cfcmple.o(.text)
    __aeabi_cfrcmple                         0x0800058d   Thumb Code    20  cfrcmple.o(.text)
    __aeabi_uidiv                            0x080005a1   Thumb Code     0  uidiv.o(.text)
    __aeabi_uidivmod                         0x080005a1   Thumb Code    44  uidiv.o(.text)
    __aeabi_uldivmod                         0x080005cd   Thumb Code    98  uldiv.o(.text)
    __aeabi_llsr                             0x0800062f   Thumb Code    32  llushr.o(.text)
    _ll_ushift_r                             0x0800062f   Thumb Code     0  llushr.o(.text)
    __I$use$fp                               0x0800064f   Thumb Code     0  iusefp.o(.text)
    _float_round                             0x0800064f   Thumb Code    18  fepilogue.o(.text)
    _float_epilogue                          0x08000661   Thumb Code    90  fepilogue.o(.text)
    _double_round                            0x080006bb   Thumb Code    26  depilogue.o(.text)
    _double_epilogue                         0x080006d5   Thumb Code   164  depilogue.o(.text)
    __aeabi_dadd                             0x08000779   Thumb Code   322  dadd.o(.text)
    __aeabi_dsub                             0x080008bb   Thumb Code     6  dadd.o(.text)
    __aeabi_drsub                            0x080008c1   Thumb Code     6  dadd.o(.text)
    __aeabi_dmul                             0x080008c7   Thumb Code   228  dmul.o(.text)
    _dsqrt                                   0x080009ab   Thumb Code   162  dsqrt.o(.text)
    __aeabi_d2ulz                            0x08000a4d   Thumb Code    48  dfixul.o(.text)
    __scatterload                            0x08000a7d   Thumb Code    28  init.o(.text)
    __scatterload_rt2                        0x08000a7d   Thumb Code     0  init.o(.text)
    __aeabi_llsl                             0x08000aa1   Thumb Code    30  llshl.o(.text)
    _ll_shift_l                              0x08000aa1   Thumb Code     0  llshl.o(.text)
    __aeabi_lasr                             0x08000abf   Thumb Code    36  llsshr.o(.text)
    _ll_sshift_r                             0x08000abf   Thumb Code     0  llsshr.o(.text)
    ADC_X                                    0x08000ae5   Thumb Code    16  touch.o(i.ADC_X)
    ADC_XY                                   0x08000af9   Thumb Code    16  touch.o(i.ADC_XY)
    ADC_Y                                    0x08000b0d   Thumb Code    16  touch.o(i.ADC_Y)
    AD_Calibration_Function                  0x08000b21   Thumb Code  1740  main.o(i.AD_Calibration_Function)
    AD_Calibration_menu                      0x08001225   Thumb Code   802  main.o(i.AD_Calibration_menu)
    AT24CXX_Check                            0x080015e5   Thumb Code    46  24cxx.o(i.AT24CXX_Check)
    AT24CXX_Init                             0x08001613   Thumb Code     8  24cxx.o(i.AT24CXX_Init)
    AT24CXX_Read                             0x0800161b   Thumb Code    34  24cxx.o(i.AT24CXX_Read)
    AT24CXX_ReadLenByte                      0x0800163d   Thumb Code    44  24cxx.o(i.AT24CXX_ReadLenByte)
    AT24CXX_ReadOneByte                      0x08001669   Thumb Code    88  24cxx.o(i.AT24CXX_ReadOneByte)
    AT24CXX_Write                            0x080016c1   Thumb Code    36  24cxx.o(i.AT24CXX_Write)
    AT24CXX_WriteLenByte                     0x080016e5   Thumb Code    42  24cxx.o(i.AT24CXX_WriteLenByte)
    AT24CXX_WriteOneByte                     0x0800170f   Thumb Code    80  24cxx.o(i.AT24CXX_WriteOneByte)
    Access_TP_coordinate                     0x08001761   Thumb Code   180  touch.o(i.Access_TP_coordinate)
    Active_Window                            0x08001841   Thumb Code    98  ra8870.o(i.Active_Window)
    Adc_Init                                 0x080018a9   Thumb Code   322  setup.o(i.Adc_Init)
    AnJianPressed                            0x08001a01   Thumb Code   598  ra8870.o(i.AnJianPressed)
    BKP_DeInit                               0x08001c57   Thumb Code    16  stm32f10x_bkp.o(i.BKP_DeInit)
    BKP_ReadBackupRegister                   0x08001c69   Thumb Code    24  stm32f10x_bkp.o(i.BKP_ReadBackupRegister)
    BKP_WriteBackupRegister                  0x08001c85   Thumb Code    22  stm32f10x_bkp.o(i.BKP_WriteBackupRegister)
    BackgroundColor                          0x08001ca1   Thumb Code    30  ra8870.o(i.BackgroundColor)
    Bold_Font                                0x08001cc5   Thumb Code    30  ra8870.o(i.Bold_Font)
    BusFault_Handler                         0x08001ce9   Thumb Code     4  stm32f10x_it.o(i.BusFault_Handler)
    Chk_Busy                                 0x08001ced   Thumb Code    18  ra8870.o(i.Chk_Busy)
    Circle_Coordinate_Radius                 0x08001d05   Thumb Code    62  ra8870.o(i.Circle_Coordinate_Radius)
    Clear_Full_Window                        0x08001d49   Thumb Code    32  ra8870.o(i.Clear_Full_Window)
    DebugMon_Handler                         0x08001d69   Thumb Code     2  stm32f10x_it.o(i.DebugMon_Handler)
    Del_Cursor                               0x08001d6d   Thumb Code    22  ra8870.o(i.Del_Cursor)
    Delay1ms                                 0x08001d89   Thumb Code    28  ra8870.o(i.Delay1ms)
    DisplayButton                            0x08001da5   Thumb Code   160  ra8870.o(i.DisplayButton)
    DisplayButtonUp                          0x08001e45   Thumb Code   116  ra8870.o(i.DisplayButtonUp)
    Display_ON                               0x08001eb9   Thumb Code    32  ra8870.o(i.Display_ON)
    Draw_circle                              0x08001ed9   Thumb Code    22  ra8870.o(i.Draw_circle)
    Draw_circle_fill                         0x08001ef5   Thumb Code    22  ra8870.o(i.Draw_circle_fill)
    Enable_TP                                0x08001f11   Thumb Code    16  ra8870.o(i.Enable_TP)
    External_CGROM                           0x08001f25   Thumb Code    30  ra8870.o(i.External_CGROM)
    External_CGROM_GB                        0x08001f49   Thumb Code    30  ra8870.o(i.External_CGROM_GB)
    FSMC_NORSRAMCmd                          0x08001f6d   Thumb Code    46  stm32f10x_fsmc.o(i.FSMC_NORSRAMCmd)
    FSMC_NORSRAMInit                         0x08001fa1   Thumb Code   224  stm32f10x_fsmc.o(i.FSMC_NORSRAMInit)
    Font_with_BackgroundColor                0x08002081   Thumb Code    30  ra8870.o(i.Font_with_BackgroundColor)
    Font_with_BackgroundTransparency         0x080020a5   Thumb Code    30  ra8870.o(i.Font_with_BackgroundTransparency)
    GPIO_Configuration                       0x080020c9   Thumb Code    42  setup.o(i.GPIO_Configuration)
    GPIO_Init                                0x080020f9   Thumb Code   274  stm32f10x_gpio.o(i.GPIO_Init)
    GPIO_ResetBits                           0x0800220b   Thumb Code     4  stm32f10x_gpio.o(i.GPIO_ResetBits)
    GPIO_SetBits                             0x0800220f   Thumb Code     4  stm32f10x_gpio.o(i.GPIO_SetBits)
    Geometric_Coordinate                     0x08002215   Thumb Code   100  ra8870.o(i.Geometric_Coordinate)
    Get_Adc                                  0x0800227d   Thumb Code    62  setup.o(i.Get_Adc)
    Get_Adc_Average                          0x080022c1   Thumb Code    42  setup.o(i.Get_Adc_Average)
    Get_XY_Calibration                       0x080022ed   Thumb Code    82  touch.o(i.Get_XY_Calibration)
    Get_X_ADC_Value_10bit                    0x08002361   Thumb Code    34  touch.o(i.Get_X_ADC_Value_10bit)
    Get_Y_ADC_Value_10bit                    0x08002383   Thumb Code    34  touch.o(i.Get_Y_ADC_Value_10bit)
    Graphic_Mode                             0x080023a5   Thumb Code    26  ra8870.o(i.Graphic_Mode)
    HardFault_Handler                        0x080023c5   Thumb Code     4  stm32f10x_it.o(i.HardFault_Handler)
    Horizontal_FontEnlarge_x1                0x080023c9   Thumb Code    30  ra8870.o(i.Horizontal_FontEnlarge_x1)
    Horizontal_FontEnlarge_x2                0x080023ed   Thumb Code    34  ra8870.o(i.Horizontal_FontEnlarge_x2)
    IIC_Ack                                  0x08002415   Thumb Code    64  myiic.o(i.IIC_Ack)
    IIC_Init                                 0x08002461   Thumb Code    52  myiic.o(i.IIC_Init)
    IIC_NAck                                 0x0800249d   Thumb Code    64  myiic.o(i.IIC_NAck)
    IIC_Read_Byte                            0x080024e9   Thumb Code    92  myiic.o(i.IIC_Read_Byte)
    IIC_Send_Byte                            0x08002555   Thumb Code    86  myiic.o(i.IIC_Send_Byte)
    IIC_Start                                0x080025bd   Thumb Code    60  myiic.o(i.IIC_Start)
    IIC_Stop                                 0x08002605   Thumb Code    58  myiic.o(i.IIC_Stop)
    IIC_Wait_Ack                             0x0800264d   Thumb Code    82  myiic.o(i.IIC_Wait_Ack)
    InitHardware                             0x080026b5   Thumb Code    28  setup.o(i.InitHardware)
    Is_Leap_Year                             0x080026d1   Thumb Code    58  rtc.o(i.Is_Leap_Year)
    JianPan_Displayfu                        0x0800270d   Thumb Code   520  main.o(i.JianPan_Displayfu)
    KeyScan                                  0x0800295d   Thumb Code    46  touch.o(i.KeyScan)
    LCDRA8870_Init                           0x08002991   Thumb Code   294  ra8870.o(i.LCDRA8870_Init)
    LCD_CtrlLinesConfig                      0x08002ab9   Thumb Code   132  setup.o(i.LCD_CtrlLinesConfig)
    LCD_FSMCConfig                           0x08002b4d   Thumb Code    92  setup.o(i.LCD_FSMCConfig)
    LCD_RD_DATA                              0x08002ba9   Thumb Code    12  ra8870.o(i.LCD_RD_DATA)
    LCD_WR_DATA                              0x08002bb5   Thumb Code     8  ra8870.o(i.LCD_WR_DATA)
    LCD_WR_REG                               0x08002bbd   Thumb Code     6  ra8870.o(i.LCD_WR_REG)
    LcdFillRec                               0x08002bc9   Thumb Code    88  ra8870.o(i.LcdFillRec)
    LcdPrint8bitBmp                          0x08002c25   Thumb Code   180  ra8870.o(i.LcdPrint8bitBmp)
    LcdPrintHorz                             0x08002cdd   Thumb Code    68  ra8870.o(i.LcdPrintHorz)
    LcdPrintVert                             0x08002d25   Thumb Code    68  ra8870.o(i.LcdPrintVert)
    MY_NVIC_Init                             0x08002d6d   Thumb Code   114  setup.o(i.MY_NVIC_Init)
    MY_NVIC_PriorityGroupConfig              0x08002ded   Thumb Code    32  setup.o(i.MY_NVIC_PriorityGroupConfig)
    MemManage_Handler                        0x08002e15   Thumb Code     4  stm32f10x_it.o(i.MemManage_Handler)
    Memory_Clear                             0x08002e19   Thumb Code    36  ra8870.o(i.Memory_Clear)
    Memory_Clear_with_Font_BgColor           0x08002e41   Thumb Code    32  ra8870.o(i.Memory_Clear_with_Font_BgColor)
    MidValueCalculate                        0x08002e61   Thumb Code   254  touch.o(i.MidValueCalculate)
    NMI_Handler                              0x08002f89   Thumb Code     2  stm32f10x_it.o(i.NMI_Handler)
    NVIC_Init                                0x08002f8d   Thumb Code   102  misc.o(i.NVIC_Init)
    NoBackgroundColor                        0x08003001   Thumb Code    30  ra8870.o(i.NoBackgroundColor)
    NoBold_Font                              0x08003025   Thumb Code    30  ra8870.o(i.NoBold_Font)
    PWR_BackupAccessCmd                      0x08003049   Thumb Code     6  stm32f10x_pwr.o(i.PWR_BackupAccessCmd)
    P_WriteData                              0x08003055   Thumb Code    76  printer.o(i.P_WriteData)
    PendSV_Handler                           0x080030b1   Thumb Code     2  stm32f10x_it.o(i.PendSV_Handler)
    PrintReport                              0x080030b5   Thumb Code  1678  main.o(i.PrintReport)
    PrintStr                                 0x0800376d   Thumb Code    28  printer.o(i.PrintStr)
    PrintStrNnum                             0x08003789   Thumb Code    38  printer.o(i.PrintStrNnum)
    Printer_Init                             0x080037b1   Thumb Code   142  printer.o(i.Printer_Init)
    Put_AnJian                               0x0800384d   Thumb Code   598  ra8870.o(i.Put_AnJian)
    RA8870_PLL_ini                           0x08003aa3   Thumb Code    64  ra8870.o(i.RA8870_PLL_ini)
    RA8870_TouchInit                         0x08003ae3   Thumb Code    36  ra8870.o(i.RA8870_TouchInit)
    RCC_AHBPeriphClockCmd                    0x08003b09   Thumb Code    26  stm32f10x_rcc.o(i.RCC_AHBPeriphClockCmd)
    RCC_APB1PeriphClockCmd                   0x08003b29   Thumb Code    26  stm32f10x_rcc.o(i.RCC_APB1PeriphClockCmd)
    RCC_APB2PeriphClockCmd                   0x08003b49   Thumb Code    26  stm32f10x_rcc.o(i.RCC_APB2PeriphClockCmd)
    RCC_BackupResetCmd                       0x08003b69   Thumb Code     6  stm32f10x_rcc.o(i.RCC_BackupResetCmd)
    RCC_Configuration                        0x08003b75   Thumb Code    32  setup.o(i.RCC_Configuration)
    RCC_GetFlagStatus                        0x08003b95   Thumb Code    56  stm32f10x_rcc.o(i.RCC_GetFlagStatus)
    RCC_LSEConfig                            0x08003bd1   Thumb Code    44  stm32f10x_rcc.o(i.RCC_LSEConfig)
    RCC_RTCCLKCmd                            0x08003c05   Thumb Code     6  stm32f10x_rcc.o(i.RCC_RTCCLKCmd)
    RCC_RTCCLKConfig                         0x08003c11   Thumb Code    12  stm32f10x_rcc.o(i.RCC_RTCCLKConfig)
    RTC_EnterConfigMode                      0x08003c21   Thumb Code    14  stm32f10x_rtc.o(i.RTC_EnterConfigMode)
    RTC_ExitConfigMode                       0x08003c35   Thumb Code    16  stm32f10x_rtc.o(i.RTC_ExitConfigMode)
    RTC_Get                                  0x08003c49   Thumb Code   242  rtc.o(i.RTC_Get)
    RTC_Get_Week                             0x08003d51   Thumb Code   114  rtc.o(i.RTC_Get_Week)
    RTC_IRQHandler                           0x08003dc9   Thumb Code    66  rtc.o(i.RTC_IRQHandler)
    RTC_ITConfig                             0x08003e11   Thumb Code    26  stm32f10x_rtc.o(i.RTC_ITConfig)
    RTC_Init                                 0x08003e31   Thumb Code   200  rtc.o(i.RTC_Init)
    RTC_Set                                  0x08003ef9   Thumb Code   244  rtc.o(i.RTC_Set)
    RTC_SetPrescaler                         0x08004009   Thumb Code    26  stm32f10x_rtc.o(i.RTC_SetPrescaler)
    RTC_WaitForLastTask                      0x08004029   Thumb Code    14  stm32f10x_rtc.o(i.RTC_WaitForLastTask)
    RTC_WaitForSynchro                       0x0800403d   Thumb Code    28  stm32f10x_rtc.o(i.RTC_WaitForSynchro)
    SPI1_Init                                0x0800405d   Thumb Code   182  spi.o(i.SPI1_Init)
    SPI1_ReadWriteByte                       0x08004125   Thumb Code    66  spi.o(i.SPI1_ReadWriteByte)
    SPI2_Init                                0x0800416d   Thumb Code   124  spi.o(i.SPI2_Init)
    SPI2_ReadWriteByte                       0x080041f1   Thumb Code    78  spi.o(i.SPI2_ReadWriteByte)
    SPI2_SetSpeed                            0x08004245   Thumb Code    36  spi.o(i.SPI2_SetSpeed)
    SPI_AD8341_Init                          0x0800426d   Thumb Code    48  ads8341.o(i.SPI_AD8341_Init)
    SPI_Cmd                                  0x080042a1   Thumb Code    24  stm32f10x_spi.o(i.SPI_Cmd)
    SPI_FLASH_Write_Enable                   0x080042b9   Thumb Code    26  flash.o(i.SPI_FLASH_Write_Enable)
    SPI_Flash_Erase_Sector                   0x080042dd   Thumb Code    64  flash.o(i.SPI_Flash_Erase_Sector)
    SPI_Flash_Init                           0x08004325   Thumb Code    52  flash.o(i.SPI_Flash_Init)
    SPI_Flash_Read                           0x0800435d   Thumb Code    80  flash.o(i.SPI_Flash_Read)
    SPI_Flash_ReadSR                         0x080043b1   Thumb Code    38  flash.o(i.SPI_Flash_ReadSR)
    SPI_Flash_Wait_Busy                      0x080043e1   Thumb Code    16  flash.o(i.SPI_Flash_Wait_Busy)
    SPI_Flash_Write                          0x080043f1   Thumb Code   176  flash.o(i.SPI_Flash_Write)
    SPI_Flash_Write_NoCheck                  0x080044a5   Thumb Code    70  flash.o(i.SPI_Flash_Write_NoCheck)
    SPI_Flash_Write_Page                     0x080044ed   Thumb Code    82  flash.o(i.SPI_Flash_Write_Page)
    SPI_I2S_GetFlagStatus                    0x08004545   Thumb Code    18  stm32f10x_spi.o(i.SPI_I2S_GetFlagStatus)
    SPI_I2S_ReceiveData                      0x08004557   Thumb Code     6  stm32f10x_spi.o(i.SPI_I2S_ReceiveData)
    SPI_I2S_SendData                         0x0800455d   Thumb Code     4  stm32f10x_spi.o(i.SPI_I2S_SendData)
    SPI_Init                                 0x08004561   Thumb Code    60  stm32f10x_spi.o(i.SPI_Init)
    SVC_Handler                              0x0800459d   Thumb Code     2  stm32f10x_it.o(i.SVC_Handler)
    ScanKeyBoard                             0x080045a1   Thumb Code   780  main.o(i.ScanKeyBoard)
    Set_4wire_TP                             0x080049a1   Thumb Code    30  ra8870.o(i.Set_4wire_TP)
    Show_Cursor                              0x080049c5   Thumb Code    22  ra8870.o(i.Show_Cursor)
    Show_String                              0x080049e1   Thumb Code    42  ra8870.o(i.Show_String)
    Show_StringNum                           0x08004a11   Thumb Code    52  ra8870.o(i.Show_StringNum)
    SysTick_Handler                          0x08004a49   Thumb Code     2  stm32f10x_it.o(i.SysTick_Handler)
    SystemInit                               0x08004a4d   Thumb Code    78  system_stm32f10x.o(i.SystemInit)
    TIM4_IRQHandler                          0x08004aad   Thumb Code    68  stm32f10x_it.o(i.TIM4_IRQHandler)
    TIM4_Int_Init                            0x08004b01   Thumb Code    92  setup.o(i.TIM4_Int_Init)
    TIM_ClearITPendingBit                    0x08004b65   Thumb Code     6  stm32f10x_tim.o(i.TIM_ClearITPendingBit)
    TIM_Cmd                                  0x08004b6b   Thumb Code    24  stm32f10x_tim.o(i.TIM_Cmd)
    TIM_GetITStatus                          0x08004b83   Thumb Code    34  stm32f10x_tim.o(i.TIM_GetITStatus)
    TIM_ITConfig                             0x08004ba5   Thumb Code    18  stm32f10x_tim.o(i.TIM_ITConfig)
    TIM_TimeBaseInit                         0x08004bb9   Thumb Code   122  stm32f10x_tim.o(i.TIM_TimeBaseInit)
    TP_Get_Adjdata                           0x08004c5d   Thumb Code   106  touch.o(i.TP_Get_Adjdata)
    TP_Save_Adjdata                          0x08004cdd   Thumb Code    98  touch.o(i.TP_Save_Adjdata)
    TP_Scan                                  0x08004d55   Thumb Code    78  touch.o(i.TP_Scan)
    TP_auto_mode                             0x08004da9   Thumb Code    30  ra8870.o(i.TP_auto_mode)
    Text_Background_Color                    0x08004dcd   Thumb Code    14  ra8870.o(i.Text_Background_Color)
    Text_Foreground_Color                    0x08004de1   Thumb Code    14  ra8870.o(i.Text_Foreground_Color)
    Text_Mode                                0x08004df5   Thumb Code    30  ra8870.o(i.Text_Mode)
    Touch_Status                             0x08004e19   Thumb Code    30  ra8870.o(i.Touch_Status)
    UsageFault_Handler                       0x08004e3d   Thumb Code     4  stm32f10x_it.o(i.UsageFault_Handler)
    Vertical_FontEnlarge_x1                  0x08004e41   Thumb Code    30  ra8870.o(i.Vertical_FontEnlarge_x1)
    Vertical_FontEnlarge_x2                  0x08004e65   Thumb Code    34  ra8870.o(i.Vertical_FontEnlarge_x2)
    XY_Calibration_Function                  0x08004e8d   Thumb Code  1464  touch.o(i.XY_Calibration_Function)
    XY_Coordinate                            0x08005475   Thumb Code    56  ra8870.o(i.XY_Coordinate)
    __0sprintf                               0x080054b1   Thumb Code    34  printfa.o(i.__0sprintf)
    __1sprintf                               0x080054b1   Thumb Code     0  printfa.o(i.__0sprintf)
    __2sprintf                               0x080054b1   Thumb Code     0  printfa.o(i.__0sprintf)
    __c89sprintf                             0x080054b1   Thumb Code     0  printfa.o(i.__0sprintf)
    sprintf                                  0x080054b1   Thumb Code     0  printfa.o(i.__0sprintf)
    __scatterload_copy                       0x080054d9   Thumb Code    14  handlers.o(i.__scatterload_copy)
    __scatterload_null                       0x080054e7   Thumb Code     2  handlers.o(i.__scatterload_null)
    __scatterload_zeroinit                   0x080054e9   Thumb Code    14  handlers.o(i.__scatterload_zeroinit)
    __set_errno                              0x080054f9   Thumb Code     6  errno.o(i.__set_errno)
    biaoding_menu                            0x08005db1   Thumb Code   754  main.o(i.biaoding_menu)
    bubble_sort                              0x08006109   Thumb Code    78  main.o(i.bubble_sort)
    check_data                               0x08006159   Thumb Code   598  main.o(i.check_data)
    check_datamenu                           0x080063d1   Thumb Code   214  main.o(i.check_datamenu)
    clear_TP_interrupt                       0x080064c9   Thumb Code    26  ra8870.o(i.clear_TP_interrupt)
    data_Query                               0x080064e9   Thumb Code  2662  main.o(i.data_Query)
    delay1ms                                 0x08006f61   Thumb Code    30  24cxx.o(i.delay1ms)
    delay_ms                                 0x08006f7f   Thumb Code    30  rtc.o(i.delay_ms)
    delay_mus                                0x08006f9d   Thumb Code    24  setup.o(i.delay_mus)
    delay_us                                 0x08006fb5   Thumb Code    16  myiic.o(i.delay_us)
    delayms                                  0x08006fc5   Thumb Code    28  printer.o(i.delayms)
    display_holdsize                         0x08006fe1   Thumb Code   106  main.o(i.display_holdsize)
    display_holeinnum                        0x0800705d   Thumb Code   610  main.o(i.display_holeinnum)
    display_holesize                         0x080072dd   Thumb Code   334  main.o(i.display_holesize)
    display_number                           0x08007445   Thumb Code   102  main.o(i.display_number)
    display_pa                               0x080074c1   Thumb Code   166  main.o(i.display_pa)
    display_pre                              0x08007579   Thumb Code    58  main.o(i.display_pre)
    display_press                            0x080075bd   Thumb Code   130  main.o(i.display_press)
    display_riqi                             0x08007655   Thumb Code   144  main.o(i.display_riqi)
    display_testdata                         0x080076fd   Thumb Code   822  main.o(i.display_testdata)
    display_time                             0x08007a41   Thumb Code   110  ra8870.o(i.display_time)
    display_zunum                            0x08007add   Thumb Code    80  main.o(i.display_zunum)
    drawpoint                                0x08007b3d   Thumb Code    80  touch.o(i.drawpoint)
    enable_TP_interrupt                      0x08007b8d   Thumb Code    26  ra8870.o(i.enable_TP_interrupt)
    flash_full                               0x08007bad   Thumb Code   132  main.o(i.flash_full)
    key_function                             0x08007c41   Thumb Code  1398  main.o(i.key_function)
    main                                     0x080081dd   Thumb Code   434  main.o(i.main)
    menu1                                    0x080083d1   Thumb Code   408  main.o(i.menu1)
    menu_data                                0x080085e5   Thumb Code   816  main.o(i.menu_data)
    menu_dataQuery                           0x08008989   Thumb Code   316  main.o(i.menu_dataQuery)
    menu_flashmax                            0x08008b19   Thumb Code   242  main.o(i.menu_flashmax)
    menu_menu                                0x08008c51   Thumb Code   580  main.o(i.menu_menu)
    menu_password                            0x08008ea9   Thumb Code   774  main.o(i.menu_password)
    menu_print                               0x08009229   Thumb Code   212  main.o(i.menu_print)
    menu_printselect                         0x08009329   Thumb Code   406  main.o(i.menu_printselect)
    menu_printselect1                        0x080094d5   Thumb Code   374  main.o(i.menu_printselect1)
    menu_select                              0x080096a1   Thumb Code   406  main.o(i.menu_select)
    menu_time                                0x08009891   Thumb Code   810  main.o(i.menu_time)
    off_gas                                  0x08009c31   Thumb Code    62  main.o(i.off_gas)
    open_gas                                 0x08009c79   Thumb Code   140  main.o(i.open_gas)
    paixu                                    0x08009d25   Thumb Code    94  main.o(i.paixu)
    plese_opengas                            0x08009d85   Thumb Code   136  main.o(i.plese_opengas)
    pprint                                   0x08009e1d   Thumb Code   110  printer.o(i.pprint)
    save_data                                0x08009ea5   Thumb Code  1534  main.o(i.save_data)
    set_printnum                             0x0800a4b1   Thumb Code   680  main.o(i.set_printnum)
    show_excel                               0x0800a7c5   Thumb Code   458  main.o(i.show_excel)
    speekers                                 0x0800a9f1   Thumb Code    32  main.o(i.speekers)
    sqrt                                     0x0800aa15   Thumb Code    78  sqrt.o(i.sqrt)
    starttest                                0x0800aa65   Thumb Code    12  setup.o(i.starttest)
    stoptest                                 0x0800aa75   Thumb Code    12  setup.o(i.stoptest)
    test_failule                             0x0800aa85   Thumb Code   136  main.o(i.test_failule)
    gImage_111                               0x0800ab1c   Data         625  picture.o(.constdata)
    gImage_222                               0x0800ad8d   Data        6960  picture.o(.constdata)
    table_week                               0x0800c8bd   Data          12  rtc.o(.constdata)
    mon_table                                0x0800c8c9   Data          12  rtc.o(.constdata)
    Region$$Table$$Base                      0x0800c8d8   Number         0  anon$$obj.o(Region$$Table)
    Region$$Table$$Limit                     0x0800c8f8   Number         0  anon$$obj.o(Region$$Table)
    RTC_200MS                                0x20000002   Data           1  main.o(.data)
    RTC_250MS                                0x20000003   Data           1  main.o(.data)
    AD1value                                 0x20000004   Data           2  main.o(.data)
    AD2value                                 0x20000006   Data           2  main.o(.data)
    biaoding1                                0x20000008   Data           2  main.o(.data)
    biaoding2                                0x2000000a   Data           2  main.o(.data)
    press_zeroAD                             0x2000000c   Data           2  main.o(.data)
    gas_res                                  0x20000010   Data           4  main.o(.data)
    test_succesflag                          0x20000014   Data           1  main.o(.data)
    checkTestnum                             0x20000015   Data           1  main.o(.data)
    pressAD_kint                             0x2000001e   Data           2  main.o(.data)
    pressAD_kfloat                           0x20000020   Data           2  main.o(.data)
    pressAD_cint                             0x20000022   Data           2  main.o(.data)
    pressAD_cfloat                           0x20000024   Data           2  main.o(.data)
    pressvalue_avg                           0x20000026   Data           2  main.o(.data)
    OS_TimeMS                                0x2000002c   Data           2  stm32f10x_it.o(.data)
    pressADvalue                             0x2000002e   Data           2  stm32f10x_it.o(.data)
    press_k                                  0x20000030   Data           4  stm32f10x_it.o(.data)
    press_c                                  0x20000034   Data           4  stm32f10x_it.o(.data)
    Time                                     0x20000038   Data           8  ra8870.o(.data)
    X1                                       0x20000040   Data           2  touch.o(.data)
    Y1                                       0x20000042   Data           2  touch.o(.data)
    X2                                       0x20000044   Data           2  touch.o(.data)
    Y2                                       0x20000046   Data           2  touch.o(.data)
    X3                                       0x20000048   Data           2  touch.o(.data)
    Y3                                       0x2000004a   Data           2  touch.o(.data)
    X4                                       0x2000004c   Data           2  touch.o(.data)
    Y4                                       0x2000004e   Data           2  touch.o(.data)
    LCD_X                                    0x20000050   Data           2  touch.o(.data)
    LCD_Y                                    0x20000052   Data           2  touch.o(.data)
    ADC_value_X                              0x20000054   Data           2  touch.o(.data)
    ADC_value_Y                              0x20000056   Data           2  touch.o(.data)
    xfac                                     0x20000058   Data           4  touch.o(.data)
    yfac                                     0x2000005c   Data           4  touch.o(.data)
    xoff                                     0x20000060   Data           2  touch.o(.data)
    yoff                                     0x20000062   Data           2  touch.o(.data)
    sta                                      0x20000064   Data           1  touch.o(.data)
    touch_flag                               0x20000065   Data           1  touch.o(.data)
    keystatus                                0x20000066   Data           1  touch.o(.data)
    GU8_PrintFinishIcon                      0x2000006a   Data           1  printer.o(.data)
    data_once                                0x20000070   Data         580  main.o(.bss)
    Data                                     0x200002b4   Data          10  ra8870.o(.bss)
    SPI_FLASH_BUF                            0x200002be   Data        4096  flash.o(.bss)
    calendar                                 0x200012be   Data          10  rtc.o(.bss)
    __initial_sp                             0x200042c8   Data           0  startup_stm32f10x_hd.o(STACK)
    mem2base                                 0x68000000   Data       983040  malloc.o(.ARM.__AT_0x68000000)
    mem2mapbase                              0x680f0000   Data       61440  malloc.o(.ARM.__AT_0x680F0000)



==============================================================================

Memory Map of the image

  Image Entry point : 0x08000131

  Load Region LR_IROM1 (Base: 0x08000000, Size: 0x0000c968, Max: 0x00080000, ABSOLUTE)

    Execution Region ER_IROM1 (Base: 0x08000000, Size: 0x0000c8f8, Max: 0x00080000, ABSOLUTE)

    Base Addr    Size         Type   Attr      Idx    E Section Name        Object

    0x08000000   0x00000130   Data   RO         3411    RESET               startup_stm32f10x_hd.o
    0x08000130   0x00000000   Code   RO         3424  * .ARM.Collect$$$$00000000  mc_w.l(entry.o)
    0x08000130   0x00000004   Code   RO         3722    .ARM.Collect$$$$00000001  mc_w.l(entry2.o)
    0x08000134   0x00000004   Code   RO         3725    .ARM.Collect$$$$00000004  mc_w.l(entry5.o)
    0x08000138   0x00000000   Code   RO         3727    .ARM.Collect$$$$00000008  mc_w.l(entry7b.o)
    0x08000138   0x00000000   Code   RO         3729    .ARM.Collect$$$$0000000A  mc_w.l(entry8b.o)
    0x08000138   0x00000008   Code   RO         3730    .ARM.Collect$$$$0000000B  mc_w.l(entry9a.o)
    0x08000140   0x00000000   Code   RO         3732    .ARM.Collect$$$$0000000D  mc_w.l(entry10a.o)
    0x08000140   0x00000000   Code   RO         3734    .ARM.Collect$$$$0000000F  mc_w.l(entry11a.o)
    0x08000140   0x00000004   Code   RO         3723    .ARM.Collect$$$$00002712  mc_w.l(entry2.o)
    0x08000144   0x00000024   Code   RO         3412    .text               startup_stm32f10x_hd.o
    0x08000168   0x00000024   Code   RO         3427    .text               mc_w.l(memseta.o)
    0x0800018c   0x000000b0   Code   RO         3690    .text               mf_w.l(fadd.o)
    0x0800023c   0x0000006c   Code   RO         3692    .text               mf_w.l(fmul.o)
    0x080002a8   0x00000080   Code   RO         3694    .text               mf_w.l(fdiv.o)
    0x08000328   0x000000de   Code   RO         3696    .text               mf_w.l(ddiv.o)
    0x08000406   0x00000012   Code   RO         3698    .text               mf_w.l(fflti.o)
    0x08000418   0x0000000a   Code   RO         3700    .text               mf_w.l(ffltui.o)
    0x08000422   0x0000001a   Code   RO         3702    .text               mf_w.l(dfltui.o)
    0x0800043c   0x00000032   Code   RO         3704    .text               mf_w.l(ffixi.o)
    0x0800046e   0x00000028   Code   RO         3706    .text               mf_w.l(ffixui.o)
    0x08000496   0x00000032   Code   RO         3708    .text               mf_w.l(dfixui.o)
    0x080004c8   0x00000026   Code   RO         3710    .text               mf_w.l(f2d.o)
    0x080004ee   0x00000002   PAD
    0x080004f0   0x00000028   Code   RO         3712    .text               mf_w.l(cdcmple.o)
    0x08000518   0x00000028   Code   RO         3714    .text               mf_w.l(cdrcmple.o)
    0x08000540   0x00000038   Code   RO         3716    .text               mf_w.l(d2f.o)
    0x08000578   0x00000014   Code   RO         3718    .text               mf_w.l(cfcmple.o)
    0x0800058c   0x00000014   Code   RO         3720    .text               mf_w.l(cfrcmple.o)
    0x080005a0   0x0000002c   Code   RO         3739    .text               mc_w.l(uidiv.o)
    0x080005cc   0x00000062   Code   RO         3741    .text               mc_w.l(uldiv.o)
    0x0800062e   0x00000020   Code   RO         3743    .text               mc_w.l(llushr.o)
    0x0800064e   0x00000000   Code   RO         3752    .text               mc_w.l(iusefp.o)
    0x0800064e   0x0000006c   Code   RO         3753    .text               mf_w.l(fepilogue.o)
    0x080006ba   0x000000be   Code   RO         3755    .text               mf_w.l(depilogue.o)
    0x08000778   0x0000014e   Code   RO         3757    .text               mf_w.l(dadd.o)
    0x080008c6   0x000000e4   Code   RO         3759    .text               mf_w.l(dmul.o)
    0x080009aa   0x000000a2   Code   RO         3761    .text               mf_w.l(dsqrt.o)
    0x08000a4c   0x00000030   Code   RO         3763    .text               mf_w.l(dfixul.o)
    0x08000a7c   0x00000024   Code   RO         3765    .text               mc_w.l(init.o)
    0x08000aa0   0x0000001e   Code   RO         3768    .text               mc_w.l(llshl.o)
    0x08000abe   0x00000024   Code   RO         3770    .text               mc_w.l(llsshr.o)
    0x08000ae2   0x00000002   PAD
    0x08000ae4   0x00000014   Code   RO         1317    i.ADC_X             touch.o
    0x08000af8   0x00000014   Code   RO         1318    i.ADC_XY            touch.o
    0x08000b0c   0x00000014   Code   RO         1319    i.ADC_Y             touch.o
    0x08000b20   0x00000704   Code   RO            1    i.AD_Calibration_Function  main.o
    0x08001224   0x000003c0   Code   RO            2    i.AD_Calibration_menu  main.o
    0x080015e4   0x0000002e   Code   RO         1197    i.AT24CXX_Check     24cxx.o
    0x08001612   0x00000008   Code   RO         1198    i.AT24CXX_Init      24cxx.o
    0x0800161a   0x00000022   Code   RO         1199    i.AT24CXX_Read      24cxx.o
    0x0800163c   0x0000002c   Code   RO         1200    i.AT24CXX_ReadLenByte  24cxx.o
    0x08001668   0x00000058   Code   RO         1201    i.AT24CXX_ReadOneByte  24cxx.o
    0x080016c0   0x00000024   Code   RO         1202    i.AT24CXX_Write     24cxx.o
    0x080016e4   0x0000002a   Code   RO         1203    i.AT24CXX_WriteLenByte  24cxx.o
    0x0800170e   0x00000050   Code   RO         1204    i.AT24CXX_WriteOneByte  24cxx.o
    0x0800175e   0x00000002   PAD
    0x08001760   0x000000e0   Code   RO         1320    i.Access_TP_coordinate  touch.o
    0x08001840   0x00000068   Code   RO          588    i.Active_Window     ra8870.o
    0x080018a8   0x00000158   Code   RO          481    i.Adc_Init          setup.o
    0x08001a00   0x00000256   Code   RO          589    i.AnJianPressed     ra8870.o
    0x08001c56   0x00000010   Code   RO         3228    i.BKP_DeInit        stm32f10x_bkp.o
    0x08001c66   0x00000002   PAD
    0x08001c68   0x0000001c   Code   RO         3233    i.BKP_ReadBackupRegister  stm32f10x_bkp.o
    0x08001c84   0x0000001c   Code   RO         3237    i.BKP_WriteBackupRegister  stm32f10x_bkp.o
    0x08001ca0   0x00000024   Code   RO          604    i.BackgroundColor   ra8870.o
    0x08001cc4   0x00000024   Code   RO          605    i.Bold_Font         ra8870.o
    0x08001ce8   0x00000004   Code   RO          401    i.BusFault_Handler  stm32f10x_it.o
    0x08001cec   0x00000018   Code   RO          606    i.Chk_Busy          ra8870.o
    0x08001d04   0x00000044   Code   RO          608    i.Circle_Coordinate_Radius  ra8870.o
    0x08001d48   0x00000020   Code   RO          609    i.Clear_Full_Window  ra8870.o
    0x08001d68   0x00000002   Code   RO          402    i.DebugMon_Handler  stm32f10x_it.o
    0x08001d6a   0x00000002   PAD
    0x08001d6c   0x0000001c   Code   RO          610    i.Del_Cursor        ra8870.o
    0x08001d88   0x0000001c   Code   RO          611    i.Delay1ms          ra8870.o
    0x08001da4   0x000000a0   Code   RO          613    i.DisplayButton     ra8870.o
    0x08001e44   0x00000074   Code   RO          615    i.DisplayButtonUp   ra8870.o
    0x08001eb8   0x00000020   Code   RO          618    i.Display_ON        ra8870.o
    0x08001ed8   0x0000001c   Code   RO          619    i.Draw_circle       ra8870.o
    0x08001ef4   0x0000001c   Code   RO          620    i.Draw_circle_fill  ra8870.o
    0x08001f10   0x00000014   Code   RO          624    i.Enable_TP         ra8870.o
    0x08001f24   0x00000024   Code   RO          625    i.External_CGROM    ra8870.o
    0x08001f48   0x00000024   Code   RO          626    i.External_CGROM_GB  ra8870.o
    0x08001f6c   0x00000034   Code   RO         2021    i.FSMC_NORSRAMCmd   stm32f10x_fsmc.o
    0x08001fa0   0x000000e0   Code   RO         2023    i.FSMC_NORSRAMInit  stm32f10x_fsmc.o
    0x08002080   0x00000024   Code   RO          627    i.Font_with_BackgroundColor  ra8870.o
    0x080020a4   0x00000024   Code   RO          628    i.Font_with_BackgroundTransparency  ra8870.o
    0x080020c8   0x00000030   Code   RO          482    i.GPIO_Configuration  setup.o
    0x080020f8   0x00000112   Code   RO         2136    i.GPIO_Init         stm32f10x_gpio.o
    0x0800220a   0x00000004   Code   RO         2143    i.GPIO_ResetBits    stm32f10x_gpio.o
    0x0800220e   0x00000004   Code   RO         2144    i.GPIO_SetBits      stm32f10x_gpio.o
    0x08002212   0x00000002   PAD
    0x08002214   0x00000068   Code   RO          629    i.Geometric_Coordinate  ra8870.o
    0x0800227c   0x00000044   Code   RO          483    i.Get_Adc           setup.o
    0x080022c0   0x0000002a   Code   RO          484    i.Get_Adc_Average   setup.o
    0x080022ea   0x00000002   PAD
    0x080022ec   0x00000074   Code   RO         1321    i.Get_XY_Calibration  touch.o
    0x08002360   0x00000022   Code   RO         1322    i.Get_X_ADC_Value_10bit  touch.o
    0x08002382   0x00000022   Code   RO         1323    i.Get_Y_ADC_Value_10bit  touch.o
    0x080023a4   0x00000020   Code   RO          630    i.Graphic_Mode      ra8870.o
    0x080023c4   0x00000004   Code   RO          403    i.HardFault_Handler  stm32f10x_it.o
    0x080023c8   0x00000024   Code   RO          631    i.Horizontal_FontEnlarge_x1  ra8870.o
    0x080023ec   0x00000028   Code   RO          632    i.Horizontal_FontEnlarge_x2  ra8870.o
    0x08002414   0x0000004c   Code   RO         1257    i.IIC_Ack           myiic.o
    0x08002460   0x0000003c   Code   RO         1258    i.IIC_Init          myiic.o
    0x0800249c   0x0000004c   Code   RO         1259    i.IIC_NAck          myiic.o
    0x080024e8   0x0000006c   Code   RO         1260    i.IIC_Read_Byte     myiic.o
    0x08002554   0x00000068   Code   RO         1261    i.IIC_Send_Byte     myiic.o
    0x080025bc   0x00000048   Code   RO         1262    i.IIC_Start         myiic.o
    0x08002604   0x00000048   Code   RO         1263    i.IIC_Stop          myiic.o
    0x0800264c   0x00000068   Code   RO         1264    i.IIC_Wait_Ack      myiic.o
    0x080026b4   0x0000001c   Code   RO          485    i.InitHardware      setup.o
    0x080026d0   0x0000003a   Code   RO         1614    i.Is_Leap_Year      rtc.o
    0x0800270a   0x00000002   PAD
    0x0800270c   0x00000250   Code   RO            3    i.JianPan_Displayfu  main.o
    0x0800295c   0x00000034   Code   RO         1325    i.KeyScan           touch.o
    0x08002990   0x00000126   Code   RO          634    i.LCDRA8870_Init    ra8870.o
    0x08002ab6   0x00000002   PAD
    0x08002ab8   0x00000094   Code   RO          486    i.LCD_CtrlLinesConfig  setup.o
    0x08002b4c   0x0000005c   Code   RO          487    i.LCD_FSMCConfig    setup.o
    0x08002ba8   0x0000000c   Code   RO          635    i.LCD_RD_DATA       ra8870.o
    0x08002bb4   0x00000008   Code   RO          638    i.LCD_WR_DATA       ra8870.o
    0x08002bbc   0x0000000c   Code   RO          639    i.LCD_WR_REG        ra8870.o
    0x08002bc8   0x0000005c   Code   RO          640    i.LcdFillRec        ra8870.o
    0x08002c24   0x000000b8   Code   RO          641    i.LcdPrint8bitBmp   ra8870.o
    0x08002cdc   0x00000048   Code   RO          642    i.LcdPrintHorz      ra8870.o
    0x08002d24   0x00000048   Code   RO          644    i.LcdPrintVert      ra8870.o
    0x08002d6c   0x00000080   Code   RO          488    i.MY_NVIC_Init      setup.o
    0x08002dec   0x00000028   Code   RO          489    i.MY_NVIC_PriorityGroupConfig  setup.o
    0x08002e14   0x00000004   Code   RO          404    i.MemManage_Handler  stm32f10x_it.o
    0x08002e18   0x00000028   Code   RO          645    i.Memory_Clear      ra8870.o
    0x08002e40   0x00000020   Code   RO          646    i.Memory_Clear_with_Font_BgColor  ra8870.o
    0x08002e60   0x00000128   Code   RO         1326    i.MidValueCalculate  touch.o
    0x08002f88   0x00000002   Code   RO          405    i.NMI_Handler       stm32f10x_it.o
    0x08002f8a   0x00000002   PAD
    0x08002f8c   0x00000074   Code   RO         1752    i.NVIC_Init         misc.o
    0x08003000   0x00000024   Code   RO          647    i.NoBackgroundColor  ra8870.o
    0x08003024   0x00000024   Code   RO          648    i.NoBold_Font       ra8870.o
    0x08003048   0x0000000c   Code   RO         3304    i.PWR_BackupAccessCmd  stm32f10x_pwr.o
    0x08003054   0x0000005c   Code   RO         1704    i.P_WriteData       printer.o
    0x080030b0   0x00000002   Code   RO          406    i.PendSV_Handler    stm32f10x_it.o
    0x080030b2   0x00000002   PAD
    0x080030b4   0x000006b8   Code   RO            4    i.PrintReport       main.o
    0x0800376c   0x0000001c   Code   RO         1705    i.PrintStr          printer.o
    0x08003788   0x00000026   Code   RO         1706    i.PrintStrNnum      printer.o
    0x080037ae   0x00000002   PAD
    0x080037b0   0x0000009c   Code   RO         1707    i.Printer_Init      printer.o
    0x0800384c   0x00000256   Code   RO          649    i.Put_AnJian        ra8870.o
    0x08003aa2   0x00000040   Code   RO          651    i.RA8870_PLL_ini    ra8870.o
    0x08003ae2   0x00000024   Code   RO          655    i.RA8870_TouchInit  ra8870.o
    0x08003b06   0x00000002   PAD
    0x08003b08   0x00000020   Code   RO         2245    i.RCC_AHBPeriphClockCmd  stm32f10x_rcc.o
    0x08003b28   0x00000020   Code   RO         2246    i.RCC_APB1PeriphClockCmd  stm32f10x_rcc.o
    0x08003b48   0x00000020   Code   RO         2248    i.RCC_APB2PeriphClockCmd  stm32f10x_rcc.o
    0x08003b68   0x0000000c   Code   RO         2251    i.RCC_BackupResetCmd  stm32f10x_rcc.o
    0x08003b74   0x00000020   Code   RO          491    i.RCC_Configuration  setup.o
    0x08003b94   0x0000003c   Code   RO         2257    i.RCC_GetFlagStatus  stm32f10x_rcc.o
    0x08003bd0   0x00000034   Code   RO         2264    i.RCC_LSEConfig     stm32f10x_rcc.o
    0x08003c04   0x0000000c   Code   RO         2271    i.RCC_RTCCLKCmd     stm32f10x_rcc.o
    0x08003c10   0x00000010   Code   RO         2272    i.RCC_RTCCLKConfig  stm32f10x_rcc.o
    0x08003c20   0x00000014   Code   RO         3138    i.RTC_EnterConfigMode  stm32f10x_rtc.o
    0x08003c34   0x00000014   Code   RO         3139    i.RTC_ExitConfigMode  stm32f10x_rtc.o
    0x08003c48   0x00000108   Code   RO         1615    i.RTC_Get           rtc.o
    0x08003d50   0x00000078   Code   RO         1616    i.RTC_Get_Week      rtc.o
    0x08003dc8   0x00000048   Code   RO         1617    i.RTC_IRQHandler    rtc.o
    0x08003e10   0x00000020   Code   RO         3144    i.RTC_ITConfig      stm32f10x_rtc.o
    0x08003e30   0x000000c8   Code   RO         1618    i.RTC_Init          rtc.o
    0x08003ef8   0x00000110   Code   RO         1619    i.RTC_Set           rtc.o
    0x08004008   0x00000020   Code   RO         3147    i.RTC_SetPrescaler  stm32f10x_rtc.o
    0x08004028   0x00000014   Code   RO         3148    i.RTC_WaitForLastTask  stm32f10x_rtc.o
    0x0800403c   0x00000020   Code   RO         3149    i.RTC_WaitForSynchro  stm32f10x_rtc.o
    0x0800405c   0x000000c8   Code   RO         1563    i.SPI1_Init         spi.o
    0x08004124   0x00000048   Code   RO         1564    i.SPI1_ReadWriteByte  spi.o
    0x0800416c   0x00000084   Code   RO         1566    i.SPI2_Init         spi.o
    0x080041f0   0x00000054   Code   RO         1567    i.SPI2_ReadWriteByte  spi.o
    0x08004244   0x00000028   Code   RO         1568    i.SPI2_SetSpeed     spi.o
    0x0800426c   0x00000034   Code   RO         1670    i.SPI_AD8341_Init   ads8341.o
    0x080042a0   0x00000018   Code   RO         2997    i.SPI_Cmd           stm32f10x_spi.o
    0x080042b8   0x00000024   Code   RO         1453    i.SPI_FLASH_Write_Enable  flash.o
    0x080042dc   0x00000048   Code   RO         1456    i.SPI_Flash_Erase_Sector  flash.o
    0x08004324   0x00000038   Code   RO         1457    i.SPI_Flash_Init    flash.o
    0x0800435c   0x00000054   Code   RO         1459    i.SPI_Flash_Read    flash.o
    0x080043b0   0x00000030   Code   RO         1461    i.SPI_Flash_ReadSR  flash.o
    0x080043e0   0x00000010   Code   RO         1463    i.SPI_Flash_Wait_Busy  flash.o
    0x080043f0   0x000000b4   Code   RO         1464    i.SPI_Flash_Write   flash.o
    0x080044a4   0x00000046   Code   RO         1465    i.SPI_Flash_Write_NoCheck  flash.o
    0x080044ea   0x00000002   PAD
    0x080044ec   0x00000058   Code   RO         1466    i.SPI_Flash_Write_Page  flash.o
    0x08004544   0x00000012   Code   RO         3005    i.SPI_I2S_GetFlagStatus  stm32f10x_spi.o
    0x08004556   0x00000006   Code   RO         3008    i.SPI_I2S_ReceiveData  stm32f10x_spi.o
    0x0800455c   0x00000004   Code   RO         3009    i.SPI_I2S_SendData  stm32f10x_spi.o
    0x08004560   0x0000003c   Code   RO         3010    i.SPI_Init          stm32f10x_spi.o
    0x0800459c   0x00000002   Code   RO          407    i.SVC_Handler       stm32f10x_it.o
    0x0800459e   0x00000002   PAD
    0x080045a0   0x0000031c   Code   RO            5    i.ScanKeyBoard      main.o
    0x080048bc   0x00000008   Code   RO         3375    i.SetSysClock       system_stm32f10x.o
    0x080048c4   0x000000dc   Code   RO         3376    i.SetSysClockTo72   system_stm32f10x.o
    0x080049a0   0x00000024   Code   RO          657    i.Set_4wire_TP      ra8870.o
    0x080049c4   0x0000001c   Code   RO          658    i.Show_Cursor       ra8870.o
    0x080049e0   0x00000030   Code   RO          659    i.Show_String       ra8870.o
    0x08004a10   0x00000038   Code   RO          660    i.Show_StringNum    ra8870.o
    0x08004a48   0x00000002   Code   RO          408    i.SysTick_Handler   stm32f10x_it.o
    0x08004a4a   0x00000002   PAD
    0x08004a4c   0x00000060   Code   RO         3378    i.SystemInit        system_stm32f10x.o
    0x08004aac   0x00000054   Code   RO          409    i.TIM4_IRQHandler   stm32f10x_it.o
    0x08004b00   0x00000064   Code   RO          493    i.TIM4_Int_Init     setup.o
    0x08004b64   0x00000006   Code   RO         2455    i.TIM_ClearITPendingBit  stm32f10x_tim.o
    0x08004b6a   0x00000018   Code   RO         2460    i.TIM_Cmd           stm32f10x_tim.o
    0x08004b82   0x00000022   Code   RO         2481    i.TIM_GetITStatus   stm32f10x_tim.o
    0x08004ba4   0x00000012   Code   RO         2485    i.TIM_ITConfig      stm32f10x_tim.o
    0x08004bb6   0x00000002   PAD
    0x08004bb8   0x000000a4   Code   RO         2531    i.TIM_TimeBaseInit  stm32f10x_tim.o
    0x08004c5c   0x00000080   Code   RO         1329    i.TP_Get_Adjdata    touch.o
    0x08004cdc   0x00000078   Code   RO         1330    i.TP_Save_Adjdata   touch.o
    0x08004d54   0x00000054   Code   RO         1331    i.TP_Scan           touch.o
    0x08004da8   0x00000024   Code   RO          661    i.TP_auto_mode      ra8870.o
    0x08004dcc   0x00000014   Code   RO          662    i.Text_Background_Color  ra8870.o
    0x08004de0   0x00000014   Code   RO          663    i.Text_Foreground_Color  ra8870.o
    0x08004df4   0x00000024   Code   RO          664    i.Text_Mode         ra8870.o
    0x08004e18   0x00000024   Code   RO          665    i.Touch_Status      ra8870.o
    0x08004e3c   0x00000004   Code   RO          410    i.UsageFault_Handler  stm32f10x_it.o
    0x08004e40   0x00000024   Code   RO          666    i.Vertical_FontEnlarge_x1  ra8870.o
    0x08004e64   0x00000028   Code   RO          667    i.Vertical_FontEnlarge_x2  ra8870.o
    0x08004e8c   0x000005e8   Code   RO         1334    i.XY_Calibration_Function  touch.o
    0x08005474   0x0000003c   Code   RO          669    i.XY_Coordinate     ra8870.o
    0x080054b0   0x00000028   Code   RO         3664    i.__0sprintf        mc_w.l(printfa.o)
    0x080054d8   0x0000000e   Code   RO         3775    i.__scatterload_copy  mc_w.l(handlers.o)
    0x080054e6   0x00000002   Code   RO         3776    i.__scatterload_null  mc_w.l(handlers.o)
    0x080054e8   0x0000000e   Code   RO         3777    i.__scatterload_zeroinit  mc_w.l(handlers.o)
    0x080054f6   0x00000002   PAD
    0x080054f8   0x0000000c   Code   RO         3747    i.__set_errno       mc_w.l(errno.o)
    0x08005504   0x0000015c   Code   RO         3669    i._fp_digits        mc_w.l(printfa.o)
    0x08005660   0x000006f0   Code   RO         3670    i._printf_core      mc_w.l(printfa.o)
    0x08005d50   0x00000026   Code   RO         3671    i._printf_post_padding  mc_w.l(printfa.o)
    0x08005d76   0x00000030   Code   RO         3672    i._printf_pre_padding  mc_w.l(printfa.o)
    0x08005da6   0x0000000a   Code   RO         3674    i._sputc            mc_w.l(printfa.o)
    0x08005db0   0x00000358   Code   RO            6    i.biaoding_menu     main.o
    0x08006108   0x0000004e   Code   RO            7    i.bubble_sort       main.o
    0x08006156   0x00000002   PAD
    0x08006158   0x00000278   Code   RO            8    i.check_data        main.o
    0x080063d0   0x000000f8   Code   RO            9    i.check_datamenu    main.o
    0x080064c8   0x00000020   Code   RO          670    i.clear_TP_interrupt  ra8870.o
    0x080064e8   0x00000a78   Code   RO           10    i.data_Query        main.o
    0x08006f60   0x0000001e   Code   RO         1205    i.delay1ms          24cxx.o
    0x08006f7e   0x0000001e   Code   RO         1620    i.delay_ms          rtc.o
    0x08006f9c   0x00000018   Code   RO          494    i.delay_mus         setup.o
    0x08006fb4   0x00000010   Code   RO         1265    i.delay_us          myiic.o
    0x08006fc4   0x0000001c   Code   RO         1708    i.delayms           printer.o
    0x08006fe0   0x0000007c   Code   RO           11    i.display_holdsize  main.o
    0x0800705c   0x00000280   Code   RO           12    i.display_holeinnum  main.o
    0x080072dc   0x00000168   Code   RO           13    i.display_holesize  main.o
    0x08007444   0x0000007c   Code   RO           14    i.display_number    main.o
    0x080074c0   0x000000b8   Code   RO           15    i.display_pa        main.o
    0x08007578   0x00000044   Code   RO           16    i.display_pre       main.o
    0x080075bc   0x00000098   Code   RO           17    i.display_press     main.o
    0x08007654   0x000000a8   Code   RO           18    i.display_riqi      main.o
    0x080076fc   0x00000344   Code   RO           19    i.display_testdata  main.o
    0x08007a40   0x0000009c   Code   RO          671    i.display_time      ra8870.o
    0x08007adc   0x00000060   Code   RO           20    i.display_zunum     main.o
    0x08007b3c   0x00000050   Code   RO         1335    i.drawpoint         touch.o
    0x08007b8c   0x00000020   Code   RO          672    i.enable_TP_interrupt  ra8870.o
    0x08007bac   0x00000094   Code   RO           21    i.flash_full        main.o
    0x08007c40   0x0000059c   Code   RO           22    i.key_function      main.o
    0x080081dc   0x000001f4   Code   RO           23    i.main              main.o
    0x080083d0   0x00000214   Code   RO           24    i.menu1             main.o
    0x080085e4   0x000003a4   Code   RO           25    i.menu_data         main.o
    0x08008988   0x00000190   Code   RO           26    i.menu_dataQuery    main.o
    0x08008b18   0x00000138   Code   RO           27    i.menu_flashmax     main.o
    0x08008c50   0x00000258   Code   RO           28    i.menu_menu         main.o
    0x08008ea8   0x00000380   Code   RO           29    i.menu_password     main.o
    0x08009228   0x00000100   Code   RO           30    i.menu_print        main.o
    0x08009328   0x000001ac   Code   RO           31    i.menu_printselect  main.o
    0x080094d4   0x000001cc   Code   RO           32    i.menu_printselect1  main.o
    0x080096a0   0x000001f0   Code   RO           33    i.menu_select       main.o
    0x08009890   0x000003a0   Code   RO           34    i.menu_time         main.o
    0x08009c30   0x00000048   Code   RO           35    i.off_gas           main.o
    0x08009c78   0x000000ac   Code   RO           36    i.open_gas          main.o
    0x08009d24   0x0000005e   Code   RO           37    i.paixu             main.o
    0x08009d82   0x00000002   PAD
    0x08009d84   0x00000098   Code   RO           38    i.plese_opengas     main.o
    0x08009e1c   0x00000088   Code   RO         1709    i.pprint            printer.o
    0x08009ea4   0x0000060c   Code   RO           39    i.save_data         main.o
    0x0800a4b0   0x00000314   Code   RO           40    i.set_printnum      main.o
    0x0800a7c4   0x0000022c   Code   RO           41    i.show_excel        main.o
    0x0800a9f0   0x00000024   Code   RO           42    i.speekers          main.o
    0x0800aa14   0x0000004e   Code   RO         3417    i.sqrt              m_ws.l(sqrt.o)
    0x0800aa62   0x00000002   PAD
    0x0800aa64   0x00000010   Code   RO          495    i.starttest         setup.o
    0x0800aa74   0x00000010   Code   RO          496    i.stoptest          setup.o
    0x0800aa84   0x00000098   Code   RO           43    i.test_failule      main.o
    0x0800ab1c   0x00001da1   Data   RO         1605    .constdata          picture.o
    0x0800c8bd   0x00000018   Data   RO         1622    .constdata          rtc.o
    0x0800c8d5   0x00000003   PAD
    0x0800c8d8   0x00000020   Data   RO         3773    Region$$Table       anon$$obj.o


    Execution Region RW_IRAM1 (Base: 0x20000000, Size: 0x000042c8, Max: 0x00010000, ABSOLUTE)

    Base Addr    Size         Type   Attr      Idx    E Section Name        Object

    0x20000000   0x00000029   Data   RW           45    .data               main.o
    0x20000029   0x00000003   PAD
    0x2000002c   0x0000000c   Data   RW          411    .data               stm32f10x_it.o
    0x20000038   0x00000008   Data   RW          674    .data               ra8870.o
    0x20000040   0x00000027   Data   RW         1336    .data               touch.o
    0x20000067   0x00000001   PAD
    0x20000068   0x00000002   Data   RW         1623    .data               rtc.o
    0x2000006a   0x00000001   Data   RW         1710    .data               printer.o
    0x2000006b   0x00000001   PAD
    0x2000006c   0x00000004   Data   RW         3748    .data               mc_w.l(errno.o)
    0x20000070   0x00000244   Zero   RW           44    .bss                main.o
    0x200002b4   0x0000000a   Zero   RW          673    .bss                ra8870.o
    0x200002be   0x00001000   Zero   RW         1467    .bss                flash.o
    0x200012be   0x0000000a   Zero   RW         1621    .bss                rtc.o
    0x200012c8   0x00003000   Zero   RW         3409    STACK               startup_stm32f10x_hd.o



  Load Region LR$$.ARM.__AT_0x68000000 (Base: 0x68000000, Size: 0x00000000, Max: 0x000f0000, ABSOLUTE)

    Execution Region ER$$.ARM.__AT_0x68000000 (Base: 0x68000000, Size: 0x000f0000, Max: 0x000f0000, ABSOLUTE, UNINIT)

    Base Addr    Size         Type   Attr      Idx    E Section Name        Object

    0x68000000   0x000f0000   Zero   RW         1136    .ARM.__AT_0x68000000  malloc.o



  Load Region LR$$.ARM.__AT_0x680F0000 (Base: 0x680f0000, Size: 0x00000000, Max: 0x0000f000, ABSOLUTE)

    Execution Region ER$$.ARM.__AT_0x680F0000 (Base: 0x680f0000, Size: 0x0000f000, Max: 0x0000f000, ABSOLUTE, UNINIT)

    Base Addr    Size         Type   Attr      Idx    E Section Name        Object

    0x680f0000   0x0000f000   Zero   RW         1137    .ARM.__AT_0x680F0000  malloc.o


==============================================================================

Image component sizes


      Code (inc. data)   RO Data    RW Data    ZI Data      Debug   Object Name

       408          0          0          0          0       4999   24cxx.o
        52          4          0          0          0        478   ads8341.o
         0          0          0          0          0         32   core_cm3.o
       650         46          0          0       4096       5503   flash.o
     25004       2550          0         41        580     286352   main.o
         0          0          0          0    1044480       1485   malloc.o
       116         14          0          0          0        888   misc.o
       688        114          0          0          0       4177   myiic.o
         0          0       7585          0          0        508   picture.o
       478         56          0          1          0       3164   printer.o
      3954        262          0          8         10      26396   ra8870.o
      1016         62         24          2         10       5137   rtc.o
      1126         88          0          0          0       6894   setup.o
       528         42          0          0          0       2662   spi.o
        36          8        304          0      12288        752   startup_stm32f10x_hd.o
        72         10          0          0          0       2424   stm32f10x_bkp.o
       276          6          0          0          0       1621   stm32f10x_fsmc.o
       282          0          0          0          0       2772   stm32f10x_gpio.o
       110         16          0         12          0       4828   stm32f10x_it.o
        12          6          0          0          0        450   stm32f10x_pwr.o
       248         46          0          0          0       3938   stm32f10x_rcc.o
       156         32          0          0          0       2628   stm32f10x_rtc.o
       112          0          0          0          0       3434   stm32f10x_spi.o
       246         42          0          0          0       3166   stm32f10x_tim.o
       324         26          0          0          0       1741   system_stm32f10x.o
      2740        272          0         39          0       8293   touch.o

    ----------------------------------------------------------------------
     38668       3702       7948        108    1061464     384722   Object Totals
         0          0         32          0          0          0   (incl. Generated)
        34          0          3          5          0          0   (incl. Padding)

    ----------------------------------------------------------------------

      Code (inc. data)   RO Data    RW Data    ZI Data      Debug   Library Member Name

        78          0          0          0          0         84   sqrt.o
         0          0          0          0          0          0   entry.o
         0          0          0          0          0          0   entry10a.o
         0          0          0          0          0          0   entry11a.o
         8          4          0          0          0          0   entry2.o
         4          0          0          0          0          0   entry5.o
         0          0          0          0          0          0   entry7b.o
         0          0          0          0          0          0   entry8b.o
         8          4          0          0          0          0   entry9a.o
        12          6          0          4          0         68   errno.o
        30          0          0          0          0          0   handlers.o
        36          8          0          0          0         68   init.o
         0          0          0          0          0          0   iusefp.o
        30          0          0          0          0         68   llshl.o
        36          0          0          0          0         68   llsshr.o
        32          0          0          0          0         68   llushr.o
        36          0          0          0          0        108   memseta.o
      2260         86          0          0          0        512   printfa.o
        44          0          0          0          0         80   uidiv.o
        98          0          0          0          0         92   uldiv.o
        40          2          0          0          0         68   cdcmple.o
        40          2          0          0          0         68   cdrcmple.o
        20          0          0          0          0         68   cfcmple.o
        20          0          0          0          0         68   cfrcmple.o
        56          0          0          0          0         88   d2f.o
       334          0          0          0          0        144   dadd.o
       222          0          0          0          0        100   ddiv.o
       190          0          0          0          0        176   depilogue.o
        50          0          0          0          0         76   dfixui.o
        48          0          0          0          0         68   dfixul.o
        26          0          0          0          0         76   dfltui.o
       228          0          0          0          0         92   dmul.o
       162          0          0          0          0        100   dsqrt.o
        38          0          0          0          0         68   f2d.o
       176          0          0          0          0        140   fadd.o
       128          0          0          0          0         88   fdiv.o
       108          0          0          0          0        168   fepilogue.o
        50          0          0          0          0         68   ffixi.o
        40          0          0          0          0         68   ffixui.o
        18          0          0          0          0         68   fflti.o
        10          0          0          0          0         68   ffltui.o
       108          0          0          0          0         76   fmul.o

    ----------------------------------------------------------------------
      4832        112          0          4          0       3220   Library Totals
         8          0          0          0          0          0   (incl. Padding)

    ----------------------------------------------------------------------

      Code (inc. data)   RO Data    RW Data    ZI Data      Debug   Library Name

        78          0          0          0          0         84   m_ws.l
      2634        108          0          4          0       1132   mc_w.l
      2112          4          0          0          0       2004   mf_w.l

    ----------------------------------------------------------------------
      4832        112          0          4          0       3220   Library Totals

    ----------------------------------------------------------------------

==============================================================================


      Code (inc. data)   RO Data    RW Data    ZI Data      Debug   

     43500       3814       7948        112    1061464     375098   Grand Totals
     43500       3814       7948        112    1061464     375098   ELF Image Totals
     43500       3814       7948        112          0          0   ROM Totals

==============================================================================

    Total RO  Size (Code + RO Data)                51448 (  50.24kB)
    Total RW  Size (RW Data + ZI Data)           1061576 (1036.70kB)
    Total ROM Size (Code + RO Data + RW Data)      51560 (  50.35kB)

==============================================================================

